Component: ARM Compiler 5.06 update 6 (build 750) Tool: armlink [4d35ed]

==============================================================================

Section Cross References

    main.o(i.main) refers to _printf_percent.o(.ARM.Collect$$_printf_percent$$00000000) for _printf_percent
    main.o(i.main) refers to _printf_d.o(.ARM.Collect$$_printf_percent$$00000009) for _printf_d
    main.o(i.main) refers to _printf_f.o(.ARM.Collect$$_printf_percent$$00000003) for _printf_f
    main.o(i.main) refers to _printf_dec.o(.text) for _printf_int_dec
    main.o(i.main) refers to printf1.o(x$fpl$printf1) for _printf_fp_dec
    main.o(i.main) refers to delay.o(i.delay_init) for delay_init
    main.o(i.main) refers to led.o(i.LED_Init) for LED_Init
    main.o(i.main) refers to misc.o(i.NVIC_PriorityGroupConfig) for NVIC_PriorityGroupConfig
    main.o(i.main) refers to usart.o(i.uart1_init) for uart1_init
    main.o(i.main) refers to adc.o(i.Adc_Init) for Adc_Init
    main.o(i.main) refers to mpu6050.o(i.MPU_Init) for MPU_Init
    main.o(i.main) refers to plusenor.o(i.TIM3_Int_Init) for TIM3_Int_Init
    main.o(i.main) refers to noretval__2printf.o(.text) for __2printf
    main.o(i.main) refers to delay.o(i.delay_ms) for delay_ms
    main.o(i.main) refers to inv_mpu.o(i.mpu_dmp_init) for mpu_dmp_init
    main.o(i.main) refers to stm32f10x_rcc.o(i.RCC_APB1PeriphClockCmd) for RCC_APB1PeriphClockCmd
    main.o(i.main) refers to read_data.o(i.DATA_Press) for DATA_Press
    main.o(i.main) refers to read_data.o(i.MPU_Read) for MPU_Read
    main.o(i.main) refers to read_data.o(i.DATA_Report) for DATA_Report
    main.o(i.main) refers to f2d.o(x$fpl$f2d) for __aeabi_f2d
    main.o(i.main) refers to plusenor.o(.data) for QS
    main.o(i.main) refers to main.o(.data) for longitude
    main.o(i.main) refers to read_data.o(.data) for temperature
    main.o(i.main) refers to main.o(.conststring) for .conststring
    system_stm32f10x.o(i.SetSysClock) refers to system_stm32f10x.o(i.SetSysClockTo72) for SetSysClockTo72
    system_stm32f10x.o(i.SystemCoreClockUpdate) refers to system_stm32f10x.o(.data) for SystemCoreClock
    system_stm32f10x.o(i.SystemInit) refers to system_stm32f10x.o(i.SetSysClock) for SetSysClock
    delay.o(i.delay_init) refers to misc.o(i.SysTick_CLKSourceConfig) for SysTick_CLKSourceConfig
    delay.o(i.delay_init) refers to system_stm32f10x.o(.data) for SystemCoreClock
    delay.o(i.delay_init) refers to delay.o(.data) for fac_us
    delay.o(i.delay_ms) refers to delay.o(.data) for fac_ms
    delay.o(i.delay_us) refers to delay.o(.data) for fac_us
    usart.o(i.USART1_IRQHandler) refers (Special) to use_no_semi_2.o(.text) for __use_no_semihosting
    usart.o(i.USART1_IRQHandler) refers to stm32f10x_usart.o(i.USART_GetITStatus) for USART_GetITStatus
    usart.o(i.USART1_IRQHandler) refers to stm32f10x_usart.o(i.USART_ReceiveData) for USART_ReceiveData
    usart.o(i.USART1_IRQHandler) refers to usart.o(.data) for USART_RX_STA
    usart.o(i.USART1_IRQHandler) refers to usart.o(.bss) for USART_RX_BUF
    usart.o(i._sys_exit) refers (Special) to use_no_semi_2.o(.text) for __use_no_semihosting
    usart.o(i.fputc) refers (Special) to use_no_semi_2.o(.text) for __use_no_semihosting
    usart.o(i.uart1_init) refers (Special) to use_no_semi_2.o(.text) for __use_no_semihosting
    usart.o(i.uart1_init) refers to stm32f10x_rcc.o(i.RCC_APB2PeriphClockCmd) for RCC_APB2PeriphClockCmd
    usart.o(i.uart1_init) refers to stm32f10x_gpio.o(i.GPIO_Init) for GPIO_Init
    usart.o(i.uart1_init) refers to misc.o(i.NVIC_Init) for NVIC_Init
    usart.o(i.uart1_init) refers to stm32f10x_usart.o(i.USART_Init) for USART_Init
    usart.o(i.uart1_init) refers to stm32f10x_usart.o(i.USART_ITConfig) for USART_ITConfig
    usart.o(i.uart1_init) refers to stm32f10x_usart.o(i.USART_Cmd) for USART_Cmd
    usart.o(.bss) refers (Special) to use_no_semi_2.o(.text) for __use_no_semihosting
    usart.o(.data) refers (Special) to use_no_semi_2.o(.text) for __use_no_semihosting
    startup_stm32f10x_hd.o(STACK) refers (Special) to heapauxi.o(.text) for __use_two_region_memory
    startup_stm32f10x_hd.o(HEAP) refers (Special) to heapauxi.o(.text) for __use_two_region_memory
    startup_stm32f10x_hd.o(RESET) refers (Special) to heapauxi.o(.text) for __use_two_region_memory
    startup_stm32f10x_hd.o(RESET) refers to startup_stm32f10x_hd.o(STACK) for __initial_sp
    startup_stm32f10x_hd.o(RESET) refers to startup_stm32f10x_hd.o(.text) for Reset_Handler
    startup_stm32f10x_hd.o(RESET) refers to stm32f10x_it.o(i.NMI_Handler) for NMI_Handler
    startup_stm32f10x_hd.o(RESET) refers to stm32f10x_it.o(i.HardFault_Handler) for HardFault_Handler
    startup_stm32f10x_hd.o(RESET) refers to stm32f10x_it.o(i.MemManage_Handler) for MemManage_Handler
    startup_stm32f10x_hd.o(RESET) refers to stm32f10x_it.o(i.BusFault_Handler) for BusFault_Handler
    startup_stm32f10x_hd.o(RESET) refers to stm32f10x_it.o(i.UsageFault_Handler) for UsageFault_Handler
[...]
    .data                                    0x2000003a   Section       20  stm32f10x_rcc.o(.data)
    APBAHBPrescTable                         0x2000003a   Data          16  stm32f10x_rcc.o(.data)
    ADCPrescTable                            0x2000004a   Data           4  stm32f10x_rcc.o(.data)
    .data                                    0x20000050   Section        8  adc.o(.data)
    .data                                    0x20000058   Section       42  plusenor.o(.data)
    .data                                    0x20000084   Section       53  inv_mpu.o(.data)
    st                                       0x20000084   Data          44  inv_mpu.o(.data)
    gyro_orientation                         0x200000b0   Data           9  inv_mpu.o(.data)
    .data                                    0x200000bc   Section       64  read_data.o(.data)
    .bss                                     0x200000fc   Section     1000  usart.o(.bss)
    .bss                                     0x200004e4   Section       40  plusenor.o(.bss)
    .bss                                     0x2000050c   Section       16  inv_mpu_dmp_motion_driver.o(.bss)
    dmp                                      0x2000050c   Data          16  inv_mpu_dmp_motion_driver.o(.bss)
    .bss                                     0x2000051c   Section       96  libspace.o(.bss)
    HEAP                                     0x20000580   Section      512  startup_stm32f10x_hd.o(HEAP)
    Heap_Mem                                 0x20000580   Data         512  startup_stm32f10x_hd.o(HEAP)
    STACK                                    0x20000780   Section     1024  startup_stm32f10x_hd.o(STACK)
    Stack_Mem                                0x20000780   Data        1024  startup_stm32f10x_hd.o(STACK)
    __initial_sp                             0x20000b80   Data           0  startup_stm32f10x_hd.o(STACK)

    Global Symbols

    Symbol Name                              Value     Ov Type        Size  Object(Section)

    BuildAttributes$$THM_ISAv4$P$D$K$B$S$PE$A:L22UL41UL21$X:L11$S22US41US21$IEEE1$IW$USESV6$~STKCKD$USESV7$~SHL$OTIME$ROPI$IEEEX$EBA8$UX$STANDARDLIB$REQ8$PRES8$EABIv2 0x00000000   Number         0  anon$$obj.o ABSOLUTE
    __ARM_use_no_argv                        0x00000000   Number         0  main.o ABSOLUTE
    _printf_flags                            0x00000000   Number         0  printf_stubs.o ABSOLUTE
    _printf_return_value                     0x00000000   Number         0  printf_stubs.o ABSOLUTE
    _printf_sizespec                         0x00000000   Number         0  printf_stubs.o ABSOLUTE
    _printf_widthprec                        0x00000000   Number         0  printf_stubs.o ABSOLUTE
    __ARM_exceptions_init                     - Undefined Weak Reference
    __alloca_initialize                       - Undefined Weak Reference
    __arm_preinit_                            - Undefined Weak Reference
    __cpp_initialize__aeabi_                  - Undefined Weak Reference
    __cxa_finalize                            - Undefined Weak Reference
    __sigvec_lookup                           - Undefined Weak Reference
    __user_heap_extent                        - Undefined Weak Reference
    _atexit_init                              - Undefined Weak Reference
    _call_atexit_fns                          - Undefined Weak Reference
    _clock_init                               - Undefined Weak Reference
    _fp_trap_init                             - Undefined Weak Reference
    _fp_trap_shutdown                         - Undefined Weak Reference
    _get_lc_collate                           - Undefined Weak Reference
    _get_lc_monetary                          - Undefined Weak Reference
    _get_lc_time                              - Undefined Weak Reference
    _getenv_init                              - Undefined Weak Reference
    _handle_redirection                       - Undefined Weak Reference
    _initio                                   - Undefined Weak Reference
    _mutex_acquire                            - Undefined Weak Reference
    _mutex_free                               - Undefined Weak Reference
    _mutex_release                            - Undefined Weak Reference
    _printf_truncate_signed                   - Undefined Weak Reference
    _printf_truncate_unsigned                 - Undefined Weak Reference
    _rand_init                                - Undefined Weak Reference
    _signal_finish                            - Undefined Weak Reference
    _signal_init                              - Undefined Weak Reference
    _terminateio                              - Undefined Weak Reference
    __Vectors_Size                           0x00000130   Number         0  startup_stm32f10x_hd.o ABSOLUTE
    __Vectors                                0x08000000   Data           4  startup_stm32f10x_hd.o(RESET)
    __Vectors_End                            0x08000130   Data           0  startup_stm32f10x_hd.o(RESET)
    __main                                   0x08000131   Thumb Code     8  __main.o(!!!main)
    __scatterload                            0x08000139   Thumb Code     0  __scatter.o(!!!scatter)
    __scatterload_rt2                        0x08000139   Thumb Code    44  __scatter.o(!!!scatter)
    __scatterload_rt2_thumb_only             0x08000139   Thumb Code     0  __scatter.o(!!!scatter)
    __scatterload_null                       0x08000147   Thumb Code     0  __scatter.o(!!!scatter)
    __scatterload_copy                       0x0800016d   Thumb Code    26  __scatter_copy.o(!!handler_copy)
    __scatterload_zeroinit                   0x08000189   Thumb Code    28  __scatter_zi.o(!!handler_zi)
    _printf_f                                0x080001a5   Thumb Code     0  _printf_f.o(.ARM.Collect$$_printf_percent$$00000003)
    _printf_percent                          0x080001a5   Thumb Code     0  _printf_percent.o(.ARM.Collect$$_printf_percent$$00000000)
    _printf_d                                0x080001ab   Thumb Code     0  _printf_d.o(.ARM.Collect$$_printf_percent$$00000009)
    _printf_percent_end                      0x080001b1   Thumb Code     0  _printf_percent_end.o(.ARM.Collect$$_printf_percent$$00000017)
    __rt_lib_init                            0x080001b5   Thumb Code     0  libinit.o(.ARM.Collect$$libinit$$00000000)
    __rt_lib_init_fp_1                       0x080001b7   Thumb Code     0  libinit2.o(.ARM.Collect$$libinit$$00000002)
    __rt_lib_init_heap_1                     0x080001b7   Thumb Code     0  libinit2.o(.ARM.Collect$$libinit$$0000000A)
    __rt_lib_init_lc_common                  0x080001b7   Thumb Code     0  libinit2.o(.ARM.Collect$$libinit$$0000000F)
    __rt_lib_init_preinit_1                  0x080001b7   Thumb Code     0  libinit2.o(.ARM.Collect$$libinit$$00000004)
    __rt_lib_init_rand_1                     0x080001b7   Thumb Code     0  libinit2.o(.ARM.Collect$$libinit$$0000000E)
    __rt_lib_init_user_alloc_1               0x080001b7   Thumb Code     0  libinit2.o(.ARM.Collect$$libinit$$0000000C)
    __rt_lib_init_lc_collate_1               0x080001bd   Thumb Code     0  libinit2.o(.ARM.Collect$$libinit$$00000011)
    __rt_lib_init_lc_ctype_1                 0x080001bd   Thumb Code     0  libinit2.o(.ARM.Collect$$libinit$$00000013)
    __rt_lib_init_lc_monetary_1              0x080001bd   Thumb Code     0  libinit2.o(.ARM.Collect$$libinit$$00000015)
    __rt_lib_init_lc_numeric_2               0x080001bd   Thumb Code     0  libinit2.o(.ARM.Collect$$libinit$$00000016)
    __rt_lib_init_alloca_1                   0x080001c7   Thumb Code     0  libinit2.o(.ARM.Collect$$libinit$$0000002E)
    __rt_lib_init_argv_1                     0x080001c7   Thumb Code     0  libinit2.o(.ARM.Collect$$libinit$$0000002C)
    __rt_lib_init_atexit_1                   0x080001c7   Thumb Code     0  libinit2.o(.ARM.Collect$$libinit$$0000001B)
    __rt_lib_init_clock_1                    0x080001c7   Thumb Code     0  libinit2.o(.ARM.Collect$$libinit$$00000021)
    __rt_lib_init_cpp_1                      0x080001c7   Thumb Code     0  libinit2.o(.ARM.Collect$$libinit$$00000032)
    __rt_lib_init_exceptions_1               0x080001c7   Thumb Code     0  libinit2.o(.ARM.Collect$$libinit$$00000030)
    __rt_lib_init_fp_trap_1                  0x080001c7   Thumb Code     0  libinit2.o(.ARM.Collect$$libinit$$0000001F)
    __rt_lib_init_getenv_1                   0x080001c7   Thumb Code     0  libinit2.o(.ARM.Collect$$libinit$$00000023)
    __rt_lib_init_lc_numeric_1               0x080001c7   Thumb Code     0  libinit2.o(.ARM.Collect$$libinit$$00000017)
    __rt_lib_init_lc_time_1                  0x080001c7   Thumb Code     0  libinit2.o(.ARM.Collect$$libinit$$00000019)
    __rt_lib_init_return                     0x080001c7   Thumb Code     0  libinit2.o(.ARM.Collect$$libinit$$00000033)
    __rt_lib_init_signal_1                   0x080001c7   Thumb Code     0  libinit2.o(.ARM.Collect$$libinit$$0000001D)
    __rt_lib_init_stdio_1                    0x080001c7   Thumb Code     0  libinit2.o(.ARM.Collect$$libinit$$00000025)
    __rt_lib_shutdown                        0x080001c9   Thumb Code     0  libshutdown.o(.ARM.Collect$$libshutdown$$00000000)
    __rt_lib_shutdown_cpp_1                  0x080001cb   Thumb Code     0  libshutdown2.o(.ARM.Collect$$libshutdown$$00000002)
    __rt_lib_shutdown_fp_trap_1              0x080001cb   Thumb Code     0  libshutdown2.o(.ARM.Collect$$libshutdown$$00000007)
    __rt_lib_shutdown_heap_1                 0x080001cb   Thumb Code     0  libshutdown2.o(.ARM.Collect$$libshutdown$$0000000F)
    __rt_lib_shutdown_return                 0x080001cb   Thumb Code     0  libshutdown2.o(.ARM.Collect$$libshutdown$$00000010)
    __rt_lib_shutdown_signal_1               0x080001cb   Thumb Code     0  libshutdown2.o(.ARM.Collect$$libshutdown$$0000000A)
    __rt_lib_shutdown_stdio_1                0x080001cb   Thumb Code     0  libshutdown2.o(.ARM.Collect$$libshutdown$$00000004)
    __rt_lib_shutdown_user_alloc_1           0x080001cb   Thumb Code     0  libshutdown2.o(.ARM.Collect$$libshutdown$$0000000C)
    __rt_entry                               0x080001cd   Thumb Code     0  __rtentry.o(.ARM.Collect$$rtentry$$00000000)
    __rt_entry_presh_1                       0x080001cd   Thumb Code     0  __rtentry2.o(.ARM.Collect$$rtentry$$00000002)
    __rt_entry_sh                            0x080001cd   Thumb Code     0  __rtentry4.o(.ARM.Collect$$rtentry$$00000004)
    __rt_entry_li                            0x080001d3   Thumb Code     0  __rtentry2.o(.ARM.Collect$$rtentry$$0000000A)
    __rt_entry_postsh_1                      0x080001d3   Thumb Code     0  __rtentry2.o(.ARM.Collect$$rtentry$$00000009)
    __rt_entry_main                          0x080001d7   Thumb Code     0  __rtentry2.o(.ARM.Collect$$rtentry$$0000000D)
    __rt_entry_postli_1                      0x080001d7   Thumb Code     0  __rtentry2.o(.ARM.Collect$$rtentry$$0000000C)
    __rt_exit                                0x080001df   Thumb Code     0  rtexit.o(.ARM.Collect$$rtexit$$00000000)
    __rt_exit_ls                             0x080001e1   Thumb Code     0  rtexit2.o(.ARM.Collect$$rtexit$$00000003)
    __rt_exit_prels_1                        0x080001e1   Thumb Code     0  rtexit2.o(.ARM.Collect$$rtexit$$00000002)
    __rt_exit_exit                           0x080001e5   Thumb Code     0  rtexit2.o(.ARM.Collect$$rtexit$$00000004)
    Reset_Handler                            0x080001ed   Thumb Code     8  startup_stm32f10x_hd.o(.text)
    ADC1_2_IRQHandler                        0x08000207   Thumb Code     0  startup_stm32f10x_hd.o(.text)
    ADC3_IRQHandler                          0x08000207   Thumb Code     0  startup_stm32f10x_hd.o(.text)
    CAN1_RX1_IRQHandler                      0x08000207   Thumb Code     0  startup_stm32f10x_hd.o(.text)
    CAN1_SCE_IRQHandler                      0x08000207   Thumb Code     0  startup_stm32f10x_hd.o(.text)
    DMA1_Channel1_IRQHandler                 0x08000207   Thumb Code     0  startup_stm32f10x_hd.o(.text)
    DMA1_Channel2_IRQHandler                 0x08000207   Thumb Code     0  startup_stm32f10x_hd.o(.text)
    DMA1_Channel3_IRQHandler                 0x08000207   Thumb Code     0  startup_stm32f10x_hd.o(.text)
    DMA1_Channel4_IRQHandler                 0x08000207   Thumb Code     0  startup_stm32f10x_hd.o(.text)
    DMA1_Channel5_IRQHandler                 0x08000207   Thumb Code     0  startup_stm32f10x_hd.o(.text)
    DMA1_Channel6_IRQHandler                 0x08000207   Thumb Code     0  startup_stm32f10x_hd.o(.text)
    DMA1_Channel7_IRQHandler                 0x08000207   Thumb Code     0  startup_stm32f10x_hd.o(.text)
    DMA2_Channel1_IRQHandler                 0x08000207   Thumb Code     0  startup_stm32f10x_hd.o(.text)
    DMA2_Channel2_IRQHandler                 0x08000207   Thumb Code     0  startup_stm32f10x_hd.o(.text)
    DMA2_Channel3_IRQHandler                 0x08000207   Thumb Code     0  startup_stm32f10x_hd.o(.text)
    DMA2_Channel4_5_IRQHandler               0x08000207   Thumb Code     0  startup_stm32f10x_hd.o(.text)
    EXTI0_IRQHandler                         0x08000207   Thumb Code     0  startup_stm32f10x_hd.o(.text)
    EXTI15_10_IRQHandler                     0x08000207   Thumb Code     0  startup_stm32f10x_hd.o(.text)
    EXTI1_IRQHandler                         0x08000207   Thumb Code     0  startup_stm32f10x_hd.o(.text)
    EXTI2_IRQHandler                         0x08000207   Thumb Code     0  startup_stm32f10x_hd.o(.text)
    EXTI3_IRQHandler                         0x08000207   Thumb Code     0  startup_stm32f10x_hd.o(.text)
    EXTI4_IRQHandler                         0x08000207   Thumb Code     0  startup_stm32f10x_hd.o(.text)
    EXTI9_5_IRQHandler                       0x08000207   Thumb Code     0  startup_stm32f10x_hd.o(.text)
    FLASH_IRQHandler                         0x08000207   Thumb Code     0  startup_stm32f10x_hd.o(.text)
    FSMC_IRQHandler                          0x08000207   Thumb Code     0  startup_stm32f10x_hd.o(.text)
    I2C1_ER_IRQHandler                       0x08000207   Thumb Code     0  startup_stm32f10x_hd.o(.text)
    I2C1_EV_IRQHandler                       0x08000207   Thumb Code     0  startup_stm32f10x_hd.o(.text)
    I2C2_ER_IRQHandler                       0x08000207   Thumb Code     0  startup_stm32f10x_hd.o(.text)
    I2C2_EV_IRQHandler                       0x08000207   Thumb Code     0  startup_stm32f10x_hd.o(.text)
    PVD_IRQHandler                           0x08000207   Thumb Code     0  startup_stm32f10x_hd.o(.text)
    RCC_IRQHandler                           0x08000207   Thumb Code     0  startup_stm32f10x_hd.o(.text)
    RTCAlarm_IRQHandler                      0x08000207   Thumb Code     0  startup_stm32f10x_hd.o(.text)
    RTC_IRQHandler                           0x08000207   Thumb Code     0  startup_stm32f10x_hd.o(.text)
    SDIO_IRQHandler                          0x08000207   Thumb Code     0  startup_stm32f10x_hd.o(.text)
    SPI1_IRQHandler                          0x08000207   Thumb Code     0  startup_stm32f10x_hd.o(.text)
    SPI2_IRQHandler                          0x08000207   Thumb Code     0  startup_stm32f10x_hd.o(.text)
    SPI3_IRQHandler                          0x08000207   Thumb Code     0  startup_stm32f10x_hd.o(.text)
    TAMPER_IRQHandler                        0x08000207   Thumb Code     0  startup_stm32f10x_hd.o(.text)
    TIM1_BRK_IRQHandler                      0x08000207   Thumb Code     0  startup_stm32f10x_hd.o(.text)
    TIM1_CC_IRQHandler                       0x08000207   Thumb Code     0  startup_stm32f10x_hd.o(.text)
    TIM1_TRG_COM_IRQHandler                  0x08000207   Thumb Code     0  startup_stm32f10x_hd.o(.text)
    TIM1_UP_IRQHandler                       0x08000207   Thumb Code     0  startup_stm32f10x_hd.o(.text)
    TIM2_IRQHandler                          0x08000207   Thumb Code     0  startup_stm32f10x_hd.o(.text)
    TIM4_IRQHandler                          0x08000207   Thumb Code     0  startup_stm32f10x_hd.o(.text)
    TIM5_IRQHandler                          0x08000207   Thumb Code     0  startup_stm32f10x_hd.o(.text)
    TIM6_IRQHandler                          0x08000207   Thumb Code     0  startup_stm32f10x_hd.o(.text)
    TIM7_IRQHandler                          0x08000207   Thumb Code     0  startup_stm32f10x_hd.o(.text)
    TIM8_BRK_IRQHandler                      0x08000207   Thumb Code     0  startup_stm32f10x_hd.o(.text)
    TIM8_CC_IRQHandler                       0x08000207   Thumb Code     0  startup_stm32f10x_hd.o(.text)
    TIM8_TRG_COM_IRQHandler                  0x08000207   Thumb Code     0  startup_stm32f10x_hd.o(.text)
    TIM8_UP_IRQHandler                       0x08000207   Thumb Code     0  startup_stm32f10x_hd.o(.text)
    UART4_IRQHandler                         0x08000207   Thumb Code     0  startup_stm32f10x_hd.o(.text)
    UART5_IRQHandler                         0x08000207   Thumb Code     0  startup_stm32f10x_hd.o(.text)
    USART2_IRQHandler                        0x08000207   Thumb Code     0  startup_stm32f10x_hd.o(.text)
    USART3_IRQHandler                        0x08000207   Thumb Code     0  startup_stm32f10x_hd.o(.text)
    USBWakeUp_IRQHandler                     0x08000207   Thumb Code     0  startup_stm32f10x_hd.o(.text)
    USB_HP_CAN1_TX_IRQHandler                0x08000207   Thumb Code     0  startup_stm32f10x_hd.o(.text)
    USB_LP_CAN1_RX0_IRQHandler               0x08000207   Thumb Code     0  startup_stm32f10x_hd.o(.text)
    WWDG_IRQHandler                          0x08000207   Thumb Code     0  startup_stm32f10x_hd.o(.text)
    __user_initial_stackheap                 0x08000209   Thumb Code     0  startup_stm32f10x_hd.o(.text)
    __use_no_semihosting                     0x0800022d   Thumb Code     2  use_no_semi_2.o(.text)
    __aeabi_ldivmod                          0x0800022f   Thumb Code     0  llsdiv.o(.text)
    _ll_sdiv                                 0x0800022f   Thumb Code    72  llsdiv.o(.text)
    __2printf                                0x08000279   Thumb Code    20  noretval__2printf.o(.text)
    _printf_int_dec                          0x08000291   Thumb Code   104  _printf_dec.o(.text)
    __printf                                 0x08000309   Thumb Code   388  __printf_flags_ss_wp.o(.text)
    memcmp                                   0x08000491   Thumb Code    88  memcmp.o(.text)
    __aeabi_memset                           0x080004e9   Thumb Code    16  aeabi_memset.o(.text)
    __aeabi_memclr4                          0x080004f9   Thumb Code     0  rt_memclr_w.o(.text)
    __aeabi_memclr8                          0x080004f9   Thumb Code     0  rt_memclr_w.o(.text)
    __rt_memclr_w                            0x080004f9   Thumb Code    78  rt_memclr_w.o(.text)
    _memset_w                                0x080004fd   Thumb Code     0  rt_memclr_w.o(.text)
    __use_two_region_memory                  0x08000547   Thumb Code     2  heapauxi.o(.text)
    __rt_heap_escrow                         0x08000549   Thumb Code     2  heapauxi.o(.text)
    __rt_heap_expand                         0x0800054b   Thumb Code     2  heapauxi.o(.text)
    __I$use$semihosting                      0x0800054d   Thumb Code     0  use_no_semi.o(.text)
    __use_no_semihosting_swi                 0x0800054d   Thumb Code     2  use_no_semi.o(.text)
    __aeabi_uldivmod                         0x0800054f   Thumb Code     0  lludivv7m.o(.text)
    _ll_udiv                                 0x0800054f   Thumb Code   238  lludivv7m.o(.text)
    __read_errno                             0x0800063d   Thumb Code    10  _rserrno.o(.text)
    __set_errno                              0x08000647   Thumb Code    12  _rserrno.o(.text)
    _printf_int_common                       0x08000653   Thumb Code   178  _printf_intcommon.o(.text)
    __lib_sel_fp_printf                      0x08000705   Thumb Code     2  _printf_fp_dec.o(.text)
    _printf_fp_dec_real                      0x080008b7   Thumb Code   620  _printf_fp_dec.o(.text)
    _printf_char_common                      0x08000b2f   Thumb Code    32  _printf_char_common.o(.text)
    _printf_char_file                        0x08000b55   Thumb Code    32  _printf_char_file.o(.text)
    __aeabi_memclr                           0x08000b79   Thumb Code     0  rt_memclr.o(.text)
    __rt_memclr                              0x08000b79   Thumb Code    68  rt_memclr.o(.text)
    _memset                                  0x08000b7d   Thumb Code     0  rt_memclr.o(.text)
    __user_libspace                          0x08000bbd   Thumb Code     8  libspace.o(.text)
    __user_perproc_libspace                  0x08000bbd   Thumb Code     0  libspace.o(.text)
    __user_perthread_libspace                0x08000bbd   Thumb Code     0  libspace.o(.text)
    __rt_locale                              0x08000bc5   Thumb Code     8  rt_locale_intlibspace.o(.text)
    __aeabi_errno_addr                       0x08000bcd   Thumb Code     8  rt_errno_addr_intlibspace.o(.text)
    __errno$intlibspace                      0x08000bcd   Thumb Code     0  rt_errno_addr_intlibspace.o(.text)
    __rt_errno_addr$intlibspace              0x08000bcd   Thumb Code     0  rt_errno_addr_intlibspace.o(.text)
    _ll_udiv10                               0x08000bd5   Thumb Code   138  lludiv10.o(.text)
    _printf_fp_infnan                        0x08000c61   Thumb Code   112  _printf_fp_infnan.o(.text)
    _btod_etento                             0x08000ce1   Thumb Code   224  bigflt0.o(.text)
    ferror                                   0x08000dc5   Thumb Code     8  ferror.o(.text)
    __user_setup_stackheap                   0x08000dcd   Thumb Code    74  sys_stackheap_outer.o(.text)
    exit                                     0x08000e17   Thumb Code    18  exit.o(.text)
    strcmp                                   0x08000e29   Thumb Code   128  strcmpv7m.o(.text)
    _btod_d2e                                0x08000ea9   Thumb Code    62  btod.o(CL$$btod_d2e)
    _d2e_denorm_low                          0x08000ee7   Thumb Code    70  btod.o(CL$$btod_d2e_denorm_low)
    _d2e_norm_op1                            0x08000f2d   Thumb Code    96  btod.o(CL$$btod_d2e_norm_op1)
    __btod_div_common                        0x08000f8d   Thumb Code   696  btod.o(CL$$btod_div_common)
    _e2e                                     0x080012c5   Thumb Code   220  btod.o(CL$$btod_e2e)
    _btod_ediv                               0x080013a1   Thumb Code    42  btod.o(CL$$btod_ediv)
    _btod_emul                               0x080013cb   Thumb Code    42  btod.o(CL$$btod_emul)
    __btod_mult_common                       0x080013f5   Thumb Code   580  btod.o(CL$$btod_mult_common)
    ADC_Cmd                                  0x08001639   Thumb Code    22  stm32f10x_adc.o(i.ADC_Cmd)
    ADC_DMACmd                               0x0800164f   Thumb Code    22  stm32f10x_adc.o(i.ADC_DMACmd)
    ADC_ExternalTrigConvCmd                  0x08001665   Thumb Code    22  stm32f10x_adc.o(i.ADC_ExternalTrigConvCmd)
    ADC_GetCalibrationStatus                 0x080016c5   Thumb Code    20  stm32f10x_adc.o(i.ADC_GetCalibrationStatus)
    ADC_GetConversionValue                   0x080016d9   Thumb Code     8  stm32f10x_adc.o(i.ADC_GetConversionValue)
    ADC_GetFlagStatus                        0x080016e1   Thumb Code    18  stm32f10x_adc.o(i.ADC_GetFlagStatus)
    ADC_GetResetCalibrationStatus            0x080016f3   Thumb Code    20  stm32f10x_adc.o(i.ADC_GetResetCalibrationStatus)
    ADC_Init                                 0x08001709   Thumb Code    70  stm32f10x_adc.o(i.ADC_Init)
    ADC_RegularChannelConfig                 0x08001759   Thumb Code   184  stm32f10x_adc.o(i.ADC_RegularChannelConfig)
    ADC_ResetCalibration                     0x08001811   Thumb Code    10  stm32f10x_adc.o(i.ADC_ResetCalibration)
    ADC_SoftwareStartConvCmd                 0x0800181b   Thumb Code    22  stm32f10x_adc.o(i.ADC_SoftwareStartConvCmd)
    ADC_StartCalibration                     0x08001831   Thumb Code    10  stm32f10x_adc.o(i.ADC_StartCalibration)
    Adc_Init                                 0x0800183d   Thumb Code   348  adc.o(i.Adc_Init)
    BusFault_Handler                         0x080019a9   Thumb Code     4  stm32f10x_it.o(i.BusFault_Handler)
    DATA_Press                               0x080019ad   Thumb Code   106  read_data.o(i.DATA_Press)
    DATA_Report                              0x08001a25   Thumb Code   380  read_data.o(i.DATA_Report)
    DMA_Cmd                                  0x08001bc9   Thumb Code    24  stm32f10x_dma.o(i.DMA_Cmd)
    DMA_DeInit                               0x08001be1   Thumb Code   324  stm32f10x_dma.o(i.DMA_DeInit)
    DMA_Init                                 0x08001d2d   Thumb Code    60  stm32f10x_dma.o(i.DMA_Init)
    DebugMon_Handler                         0x08001d69   Thumb Code     2  stm32f10x_it.o(i.DebugMon_Handler)
    GPIO_Init                                0x08001d6b   Thumb Code   278  stm32f10x_gpio.o(i.GPIO_Init)
    GPIO_PinRemapConfig                      0x08001e81   Thumb Code   138  stm32f10x_gpio.o(i.GPIO_PinRemapConfig)
    GPIO_SetBits                             0x08001f11   Thumb Code     4  stm32f10x_gpio.o(i.GPIO_SetBits)
    Get_Adc                                  0x08001f15   Thumb Code    46  adc.o(i.Get_Adc)
    Get_Adc_Average                          0x08001f49   Thumb Code    46  adc.o(i.Get_Adc_Average)
    HardFault_Handler                        0x08001f77   Thumb Code     4  stm32f10x_it.o(i.HardFault_Handler)
    LED_Init                                 0x08001f7d   Thumb Code    68  led.o(i.LED_Init)
    MPU_Get_Accelerometer                    0x08001fc9   Thumb Code    80  mpu6050.o(i.MPU_Get_Accelerometer)
    MPU_Get_Gyroscope                        0x08002019   Thumb Code    80  mpu6050.o(i.MPU_Get_Gyroscope)
    MPU_Get_Temperature                      0x08002069   Thumb Code    86  mpu6050.o(i.MPU_Get_Temperature)
    MPU_IIC_Ack                              0x080020d1   Thumb Code    62  mpuiic.o(i.MPU_IIC_Ack)
    MPU_IIC_Delay                            0x0800211d   Thumb Code    10  mpuiic.o(i.MPU_IIC_Delay)
    MPU_IIC_Init                             0x08002129   Thumb Code    50  mpuiic.o(i.MPU_IIC_Init)
    MPU_IIC_NAck                             0x08002161   Thumb Code    62  mpuiic.o(i.MPU_IIC_NAck)
    MPU_IIC_Read_Byte                        0x080021ad   Thumb Code    94  mpuiic.o(i.MPU_IIC_Read_Byte)
    MPU_IIC_Send_Byte                        0x08002219   Thumb Code    80  mpuiic.o(i.MPU_IIC_Send_Byte)
    MPU_IIC_Start                            0x08002275   Thumb Code    60  mpuiic.o(i.MPU_IIC_Start)
    MPU_IIC_Stop                             0x080022bd   Thumb Code    58  mpuiic.o(i.MPU_IIC_Stop)
    MPU_IIC_Wait_Ack                         0x08002305   Thumb Code    86  mpuiic.o(i.MPU_IIC_Wait_Ack)
    MPU_Init                                 0x08002369   Thumb Code   172  mpu6050.o(i.MPU_Init)
    MPU_Read                                 0x08002421   Thumb Code    76  read_data.o(i.MPU_Read)
    MPU_Read_Byte                            0x08002499   Thumb Code    58  mpu6050.o(i.MPU_Read_Byte)
    MPU_Read_Len                             0x080024d3   Thumb Code   116  mpu6050.o(i.MPU_Read_Len)
    MPU_Set_Accel_Fsr                        0x08002547   Thumb Code    16  mpu6050.o(i.MPU_Set_Accel_Fsr)
    MPU_Set_Gyro_Fsr                         0x08002557   Thumb Code    16  mpu6050.o(i.MPU_Set_Gyro_Fsr)
    MPU_Set_LPF                              0x08002567   Thumb Code    58  mpu6050.o(i.MPU_Set_LPF)
    MPU_Set_Rate                             0x080025a1   Thumb Code    58  mpu6050.o(i.MPU_Set_Rate)
    MPU_Write_Byte                           0x080025db   Thumb Code    68  mpu6050.o(i.MPU_Write_Byte)
    MPU_Write_Len                            0x0800261f   Thumb Code    96  mpu6050.o(i.MPU_Write_Len)
    MemManage_Handler                        0x0800267f   Thumb Code     4  stm32f10x_it.o(i.MemManage_Handler)
    NMI_Handler                              0x08002683   Thumb Code     2  stm32f10x_it.o(i.NMI_Handler)
    NVIC_Init                                0x08002685   Thumb Code   100  misc.o(i.NVIC_Init)
    NVIC_PriorityGroupConfig                 0x080026f5   Thumb Code    10  misc.o(i.NVIC_PriorityGroupConfig)
    PendSV_Handler                           0x08002709   Thumb Code     2  stm32f10x_it.o(i.PendSV_Handler)
    RCC_ADCCLKConfig                         0x0800270d   Thumb Code    18  stm32f10x_rcc.o(i.RCC_ADCCLKConfig)
    RCC_AHBPeriphClockCmd                    0x08002725   Thumb Code    26  stm32f10x_rcc.o(i.RCC_AHBPeriphClockCmd)
    RCC_APB1PeriphClockCmd                   0x08002745   Thumb Code    26  stm32f10x_rcc.o(i.RCC_APB1PeriphClockCmd)
    RCC_APB2PeriphClockCmd                   0x08002765   Thumb Code    26  stm32f10x_rcc.o(i.RCC_APB2PeriphClockCmd)
    RCC_GetClocksFreq                        0x08002785   Thumb Code   192  stm32f10x_rcc.o(i.RCC_GetClocksFreq)
    SVC_Handler                              0x08002859   Thumb Code     2  stm32f10x_it.o(i.SVC_Handler)
    SysTick_CLKSourceConfig                  0x08002945   Thumb Code    40  misc.o(i.SysTick_CLKSourceConfig)
    SysTick_Handler                          0x0800296d   Thumb Code     2  stm32f10x_it.o(i.SysTick_Handler)
    SystemInit                               0x08002971   Thumb Code    78  system_stm32f10x.o(i.SystemInit)
    TIM3_IRQHandler                          0x080029d1   Thumb Code   486  plusenor.o(i.TIM3_IRQHandler)
    TIM3_Int_Init                            0x08002bf9   Thumb Code   114  plusenor.o(i.TIM3_Int_Init)
    TIM_ClearFlag                            0x08002c71   Thumb Code     6  stm32f10x_tim.o(i.TIM_ClearFlag)
    TIM_ClearITPendingBit                    0x08002c77   Thumb Code     6  stm32f10x_tim.o(i.TIM_ClearITPendingBit)
    TIM_Cmd                                  0x08002c7d   Thumb Code    24  stm32f10x_tim.o(i.TIM_Cmd)
    TIM_GetITStatus                          0x08002c95   Thumb Code    34  stm32f10x_tim.o(i.TIM_GetITStatus)
    TIM_ITConfig                             0x08002cb7   Thumb Code    18  stm32f10x_tim.o(i.TIM_ITConfig)
    TIM_SelectOutputTrigger                  0x08002cc9   Thumb Code    18  stm32f10x_tim.o(i.TIM_SelectOutputTrigger)
    TIM_TimeBaseInit                         0x08002cdd   Thumb Code   122  stm32f10x_tim.o(i.TIM_TimeBaseInit)
    USART1_IRQHandler                        0x08002d81   Thumb Code   124  usart.o(i.USART1_IRQHandler)
    USART_Cmd                                0x08002e09   Thumb Code    24  stm32f10x_usart.o(i.USART_Cmd)
    USART_GetITStatus                        0x08002e21   Thumb Code    84  stm32f10x_usart.o(i.USART_GetITStatus)
    USART_ITConfig                           0x08002e75   Thumb Code    74  stm32f10x_usart.o(i.USART_ITConfig)
    USART_Init                               0x08002ec1   Thumb Code   210  stm32f10x_usart.o(i.USART_Init)
    USART_ReceiveData                        0x08002f99   Thumb Code    10  stm32f10x_usart.o(i.USART_ReceiveData)
    UsageFault_Handler                       0x08002fa3   Thumb Code     4  stm32f10x_it.o(i.UsageFault_Handler)
    __ARM_fpclassify                         0x08002fa7   Thumb Code    40  fpclassify.o(i.__ARM_fpclassify)
    __kernel_poly                            0x08002fcf   Thumb Code   170  poly.o(i.__kernel_poly)
    __mathlib_dbl_infnan                     0x08003079   Thumb Code     6  dunder.o(i.__mathlib_dbl_infnan)
    __mathlib_dbl_infnan2                    0x0800307f   Thumb Code     4  dunder.o(i.__mathlib_dbl_infnan2)
    __mathlib_dbl_invalid                    0x08003083   Thumb Code    12  dunder.o(i.__mathlib_dbl_invalid)
    __mathlib_dbl_underflow                  0x08003091   Thumb Code    10  dunder.o(i.__mathlib_dbl_underflow)
    _is_digit                                0x080030a1   Thumb Code    14  __printf_wp.o(i._is_digit)
    _sys_exit                                0x080030af   Thumb Code     4  usart.o(i._sys_exit)
    asin                                     0x0800315d   Thumb Code   572  asin.o(i.asin)
    atan                                     0x080033cd   Thumb Code   474  atan.o(i.atan)
    atan2                                    0x080035ed   Thumb Code   346  atan2.o(i.atan2)
    delay_init                               0x080037d1   Thumb Code    50  delay.o(i.delay_init)
    delay_ms                                 0x08003815   Thumb Code    72  delay.o(i.delay_ms)
    delay_us                                 0x08003861   Thumb Code    72  delay.o(i.delay_us)
    dmp_enable_6x_lp_quat                    0x080038ad   Thumb Code    60  inv_mpu_dmp_motion_driver.o(i.dmp_enable_6x_lp_quat)
    dmp_enable_feature                       0x080038e9   Thumb Code   530  inv_mpu_dmp_motion_driver.o(i.dmp_enable_feature)
    dmp_enable_gyro_cal                      0x08003b05   Thumb Code    62  inv_mpu_dmp_motion_driver.o(i.dmp_enable_gyro_cal)
    dmp_enable_lp_quat                       0x08003b5d   Thumb Code    60  inv_mpu_dmp_motion_driver.o(i.dmp_enable_lp_quat)
    dmp_load_motion_driver_firmware          0x08003b99   Thumb Code    20  inv_mpu_dmp_motion_driver.o(i.dmp_load_motion_driver_firmware)
    dmp_read_fifo                            0x08003bb1   Thumb Code   456  inv_mpu_dmp_motion_driver.o(i.dmp_read_fifo)
    dmp_set_accel_bias                       0x08003d7d   Thumb Code   300  inv_mpu_dmp_motion_driver.o(i.dmp_set_accel_bias)
    dmp_set_fifo_rate                        0x08003ead   Thumb Code    96  inv_mpu_dmp_motion_driver.o(i.dmp_set_fifo_rate)
    dmp_set_gyro_bias                        0x08003f1d   Thumb Code   294  inv_mpu_dmp_motion_driver.o(i.dmp_set_gyro_bias)
    dmp_set_orientation                      0x0800404d   Thumb Code   290  inv_mpu_dmp_motion_driver.o(i.dmp_set_orientation)
    dmp_set_shake_reject_thresh              0x08004185   Thumb Code    56  inv_mpu_dmp_motion_driver.o(i.dmp_set_shake_reject_thresh)
    dmp_set_shake_reject_time                0x080041bd   Thumb Code    38  inv_mpu_dmp_motion_driver.o(i.dmp_set_shake_reject_time)
    dmp_set_shake_reject_timeout             0x080041e3   Thumb Code    38  inv_mpu_dmp_motion_driver.o(i.dmp_set_shake_reject_timeout)
    dmp_set_tap_axes                         0x08004209   Thumb Code    70  inv_mpu_dmp_motion_driver.o(i.dmp_set_tap_axes)
    dmp_set_tap_count                        0x0800424f   Thumb Code    38  inv_mpu_dmp_motion_driver.o(i.dmp_set_tap_count)
    dmp_set_tap_thresh                       0x08004275   Thumb Code   396  inv_mpu_dmp_motion_driver.o(i.dmp_set_tap_thresh)
    dmp_set_tap_time                         0x08004415   Thumb Code    38  inv_mpu_dmp_motion_driver.o(i.dmp_set_tap_time)
    dmp_set_tap_time_multi                   0x0800443b   Thumb Code    38  inv_mpu_dmp_motion_driver.o(i.dmp_set_tap_time_multi)
    fputc                                    0x08004461   Thumb Code    24  usart.o(i.fputc)
    inv_orientation_matrix_to_scalar         0x08004ab1   Thumb Code    40  inv_mpu.o(i.inv_orientation_matrix_to_scalar)
    inv_row_2_scale                          0x08004ad9   Thumb Code    78  inv_mpu.o(i.inv_row_2_scale)
    main                                     0x08004b29   Thumb Code   408  main.o(i.main)
    map                                      0x08004d25   Thumb Code    22  read_data.o(i.map)
    mget_ms                                  0x08004d3b   Thumb Code     2  inv_mpu.o(i.mget_ms)
    mpu_configure_fifo                       0x08004d3d   Thumb Code   106  inv_mpu.o(i.mpu_configure_fifo)
    mpu_dmp_get_data                         0x08004dad   Thumb Code   544  inv_mpu.o(i.mpu_dmp_get_data)
    mpu_dmp_init                             0x08004fd1   Thumb Code   154  inv_mpu.o(i.mpu_dmp_init)
    mpu_get_accel_fsr                        0x08005071   Thumb Code    72  inv_mpu.o(i.mpu_get_accel_fsr)
    mpu_get_accel_sens                       0x080050bd   Thumb Code    78  inv_mpu.o(i.mpu_get_accel_sens)
    mpu_get_fifo_config                      0x08005111   Thumb Code    12  inv_mpu.o(i.mpu_get_fifo_config)
    mpu_get_gyro_fsr                         0x08005121   Thumb Code    64  inv_mpu.o(i.mpu_get_gyro_fsr)
    mpu_get_gyro_sens                        0x08005165   Thumb Code    58  inv_mpu.o(i.mpu_get_gyro_sens)
    mpu_get_lpf                              0x080051b5   Thumb Code    74  inv_mpu.o(i.mpu_get_lpf)
    mpu_get_sample_rate                      0x08005205   Thumb Code    26  inv_mpu.o(i.mpu_get_sample_rate)
    mpu_init                                 0x08005225   Thumb Code   416  inv_mpu.o(i.mpu_init)
    mpu_load_firmware                        0x08005415   Thumb Code   180  inv_mpu.o(i.mpu_load_firmware)
    mpu_lp_accel_mode                        0x080054cd   Thumb Code   218  inv_mpu.o(i.mpu_lp_accel_mode)
    mpu_read_fifo_stream                     0x080055ad   Thumb Code   186  inv_mpu.o(i.mpu_read_fifo_stream)
    mpu_read_mem                             0x0800566d   Thumb Code   122  inv_mpu.o(i.mpu_read_mem)
    mpu_reset_fifo                           0x080056ed   Thumb Code   450  inv_mpu.o(i.mpu_reset_fifo)
    mpu_run_self_test                        0x080058b5   Thumb Code   278  inv_mpu.o(i.mpu_run_self_test)
    mpu_set_accel_fsr                        0x080059d1   Thumb Code   126  inv_mpu.o(i.mpu_set_accel_fsr)
    mpu_set_bypass                           0x08005a55   Thumb Code   328  inv_mpu.o(i.mpu_set_bypass)
    mpu_set_dmp_state                        0x08005ba1   Thumb Code   138  inv_mpu.o(i.mpu_set_dmp_state)
    mpu_set_gyro_fsr                         0x08005c31   Thumb Code   132  inv_mpu.o(i.mpu_set_gyro_fsr)
    mpu_set_int_latched                      0x08005cb9   Thumb Code   102  inv_mpu.o(i.mpu_set_int_latched)
    mpu_set_lpf                              0x08005d25   Thumb Code   126  inv_mpu.o(i.mpu_set_lpf)
    mpu_set_sample_rate                      0x08005da9   Thumb Code   152  inv_mpu.o(i.mpu_set_sample_rate)
    mpu_set_sensors                          0x08005e45   Thumb Code   202  inv_mpu.o(i.mpu_set_sensors)
    mpu_write_mem                            0x08005f15   Thumb Code   122  inv_mpu.o(i.mpu_write_mem)
    run_self_test                            0x08005f95   Thumb Code   148  inv_mpu.o(i.run_self_test)
    sqrt                                     0x080060b9   Thumb Code    76  sqrt.o(i.sqrt)
    uart1_init                               0x08006105   Thumb Code   152  usart.o(i.uart1_init)
    _get_lc_numeric                          0x080061a5   Thumb Code    44  lc_numeric_c.o(locale$$code)
    __aeabi_d2f                              0x080061d1   Thumb Code     0  d2f.o(x$fpl$d2f)
    _d2f                                     0x080061d1   Thumb Code    98  d2f.o(x$fpl$d2f)
    __aeabi_dadd                             0x08006235   Thumb Code     0  daddsub_clz.o(x$fpl$dadd)
    _dadd                                    0x08006235   Thumb Code   332  daddsub_clz.o(x$fpl$dadd)
    __fpl_dcheck_NaN1                        0x08006385   Thumb Code    10  dcheck1.o(x$fpl$dcheck1)
    __aeabi_ddiv                             0x08006395   Thumb Code     0  ddiv.o(x$fpl$ddiv)
    _ddiv                                    0x08006395   Thumb Code   552  ddiv.o(x$fpl$ddiv)
    __aeabi_i2d                              0x08006645   Thumb Code     0  dflt_clz.o(x$fpl$dflt)
    _dflt                                    0x08006645   Thumb Code    46  dflt_clz.o(x$fpl$dflt)
    __aeabi_dmul                             0x08006675   Thumb Code     0  dmul.o(x$fpl$dmul)
    _dmul                                    0x08006675   Thumb Code   332  dmul.o(x$fpl$dmul)
    __fpl_dnaninf                            0x080067c9   Thumb Code   156  dnaninf.o(x$fpl$dnaninf)
    __fpl_dretinf                            0x08006865   Thumb Code    12  dretinf.o(x$fpl$dretinf)
    __aeabi_drsub                            0x08006871   Thumb Code     0  daddsub_clz.o(x$fpl$drsb)
    _drsb                                    0x08006871   Thumb Code    22  daddsub_clz.o(x$fpl$drsb)
    _dsqrt                                   0x08006889   Thumb Code   456  dsqrt_noumaal.o(x$fpl$dsqrt)
    __aeabi_dsub                             0x08006a55   Thumb Code     0  daddsub_clz.o(x$fpl$dsub)
    _dsub                                    0x08006a55   Thumb Code   464  daddsub_clz.o(x$fpl$dsub)
    __aeabi_f2d                              0x08006c29   Thumb Code     0  f2d.o(x$fpl$f2d)
    _f2d                                     0x08006c29   Thumb Code    86  f2d.o(x$fpl$f2d)
    __aeabi_fadd                             0x08006c81   Thumb Code     0  faddsub_clz.o(x$fpl$fadd)
    _fadd                                    0x08006c81   Thumb Code   196  faddsub_clz.o(x$fpl$fadd)
    __fpl_fcmp_Inf                           0x08006d45   Thumb Code    24  fcmpi.o(x$fpl$fcmpinf)
    __aeabi_fdiv                             0x08006d5d   Thumb Code     0  fdiv.o(x$fpl$fdiv)
    _fdiv                                    0x08006d5d   Thumb Code   384  fdiv.o(x$fpl$fdiv)
    __aeabi_cfcmpeq                          0x08006ee1   Thumb Code     0  feqf.o(x$fpl$feqf)
    _fcmpeq                                  0x08006ee1   Thumb Code   104  feqf.o(x$fpl$feqf)
    __aeabi_f2iz                             0x08006f49   Thumb Code     0  ffix.o(x$fpl$ffix)
    _ffix                                    0x08006f49   Thumb Code    54  ffix.o(x$fpl$ffix)
    __aeabi_f2uiz                            0x08006f81   Thumb Code     0  ffixu.o(x$fpl$ffixu)
    _ffixu                                   0x08006f81   Thumb Code    62  ffixu.o(x$fpl$ffixu)
    __aeabi_i2f                              0x08006fc1   Thumb Code     0  fflt_clz.o(x$fpl$fflt)
    _fflt                                    0x08006fc1   Thumb Code    48  fflt_clz.o(x$fpl$fflt)
    __aeabi_ui2f                             0x08006ff1   Thumb Code     0  fflt_clz.o(x$fpl$ffltu)
    _ffltu                                   0x08006ff1   Thumb Code    38  fflt_clz.o(x$fpl$ffltu)
    __aeabi_cfcmple                          0x08007019   Thumb Code     0  fleqf.o(x$fpl$fleqf)
    _fcmple                                  0x08007019   Thumb Code   104  fleqf.o(x$fpl$fleqf)
    __fpl_fcmple_InfNaN                      0x0800706b   Thumb Code     0  fleqf.o(x$fpl$fleqf)
    __aeabi_fmul                             0x08007081   Thumb Code     0  fmul.o(x$fpl$fmul)
    _fmul                                    0x08007081   Thumb Code   258  fmul.o(x$fpl$fmul)
    __fpl_fnaninf                            0x08007183   Thumb Code   140  fnaninf.o(x$fpl$fnaninf)
    __fpl_fretinf                            0x0800720f   Thumb Code    10  fretinf.o(x$fpl$fretinf)
    __aeabi_cfrcmple                         0x08007219   Thumb Code     0  frleqf.o(x$fpl$frleqf)
    _frcmple                                 0x08007219   Thumb Code    98  frleqf.o(x$fpl$frleqf)
    __aeabi_fsub                             0x0800727d   Thumb Code     0  faddsub_clz.o(x$fpl$fsub)
    _fsub                                    0x0800727d   Thumb Code   234  faddsub_clz.o(x$fpl$fsub)
    _printf_fp_dec                           0x08007367   Thumb Code     4  printf1.o(x$fpl$printf1)
    __fpl_return_NaN                         0x0800736b   Thumb Code   100  retnan.o(x$fpl$retnan)
    __ARM_scalbn                             0x080073cf   Thumb Code    92  scalbn.o(x$fpl$scalbn)
    __fpl_cmpreturn                          0x0800742b   Thumb Code    48  trapv.o(x$fpl$trapveneer)
    __I$use$fp                               0x0800745a   Number         0  usenofp.o(x$fpl$usenofp)
    reg                                      0x0800745c   Data          27  inv_mpu.o(.constdata)
    hw                                       0x08007478   Data          12  inv_mpu.o(.constdata)
    test                                     0x08007484   Data          40  inv_mpu.o(.constdata)
    __mathlib_zero                           0x080081a0   Data           8  qnan.o(.constdata)
    Region$$Table$$Base                      0x080082ec   Number         0  anon$$obj.o(Region$$Table)
    Region$$Table$$Limit                     0x0800830c   Number         0  anon$$obj.o(Region$$Table)
    latitude                                 0x20000000   Data           4  main.o(.data)
    longitude                                0x20000004   Data           4  main.o(.data)
    Flag                                     0x20000008   Data           4  main.o(.data)
    Flag_critical                            0x2000000c   Data           1  main.o(.data)
    Flag_P_H                                 0x2000000d   Data           1  main.o(.data)
    Count_FSR                                0x20000010   Data           4  main.o(.data)
    Count_Ph                                 0x20000014   Data           4  main.o(.data)
    temporary                                0x20000018   Data           4  main.o(.data)
    SystemCoreClock                          0x2000001c   Data           4  system_stm32f10x.o(.data)
    AHBPrescTable                            0x20000020   Data          16  system_stm32f10x.o(.data)
    __stdout                                 0x20000034   Data           4  usart.o(.data)
    USART_RX_STA                             0x20000038   Data           2  usart.o(.data)
    ADC_ConvertedValue                       0x20000050   Data           8  adc.o(.data)
    BPM                                      0x20000058   Data           4  plusenor.o(.data)
    Signal                                   0x2000005c   Data           4  plusenor.o(.data)
    IBI                                      0x20000060   Data           4  plusenor.o(.data)
    Pulse                                    0x20000064   Data           1  plusenor.o(.data)
    QS                                       0x20000065   Data           1  plusenor.o(.data)
    sampleCounter                            0x20000068   Data           4  plusenor.o(.data)
    lastBeatTime                             0x2000006c   Data           4  plusenor.o(.data)
    P                                        0x20000070   Data           4  plusenor.o(.data)
    T                                        0x20000074   Data           4  plusenor.o(.data)
    thresh                                   0x20000078   Data           4  plusenor.o(.data)
    amp                                      0x2000007c   Data           4  plusenor.o(.data)
    firstBeat                                0x20000080   Data           1  plusenor.o(.data)
    secondBeat                               0x20000081   Data           1  plusenor.o(.data)
    mpu6050                                  0x200000bc   Data           2  read_data.o(.data)
    pitch                                    0x200000c0   Data           4  read_data.o(.data)
    roll                                     0x200000c4   Data           4  read_data.o(.data)
    yaw                                      0x200000c8   Data           4  read_data.o(.data)
    fy                                       0x200000cc   Data           4  read_data.o(.data)
    hg                                       0x200000d0   Data           4  read_data.o(.data)
    hx                                       0x200000d4   Data           4  read_data.o(.data)
    aacx                                     0x200000d8   Data           2  read_data.o(.data)
    aacy                                     0x200000da   Data           2  read_data.o(.data)
    aacz                                     0x200000dc   Data           2  read_data.o(.data)
    gyrox                                    0x200000de   Data           2  read_data.o(.data)
    gyroy                                    0x200000e0   Data           2  read_data.o(.data)
    gyroz                                    0x200000e2   Data           2  read_data.o(.data)
    temp                                     0x200000e4   Data           2  read_data.o(.data)
    temperature                              0x200000e8   Data           4  read_data.o(.data)
    state                                    0x200000ec   Data           1  read_data.o(.data)
    val                                      0x200000ee   Data           2  read_data.o(.data)
    value_AD                                 0x200000f0   Data           2  read_data.o(.data)
    PRESS_AO                                 0x200000f4   Data           4  read_data.o(.data)
    VOLTAGE_AO                               0x200000f8   Data           4  read_data.o(.data)
    USART_RX_BUF                             0x200000fc   Data        1000  usart.o(.bss)
    rate                                     0x200004e4   Data          40  plusenor.o(.bss)
    __libspace_start                         0x2000051c   Data          96  libspace.o(.bss)
    __temporary_stack_top$libspace           0x2000057c   Data           0  libspace.o(.bss)



==============================================================================

Memory Map of the image

  Image Entry point : 0x080001ed

  Load Region LR_1 (Base: 0x08000000, Size: 0x00008424, Max: 0xffffffff, ABSOLUTE)

    Execution Region ER_RO (Exec base: 0x08000000, Load base: 0x08000000, Size: 0x00008328, Max: 0xffffffff, ABSOLUTE)

    Exec Addr    Load Addr    Size         Type   Attr      Idx    E Section Name        Object

    0x08000000   0x08000000   0x00000130   Data   RO          386    RESET               startup_stm32f10x_hd.o
    0x08000130   0x08000130   0x00000008   Code   RO         3184  * !!!main             c_w.l(__main.o)
    0x08000138   0x08000138   0x00000034   Code   RO         3625    !!!scatter          c_w.l(__scatter.o)
    0x0800016c   0x0800016c   0x0000001a   Code   RO         3627    !!handler_copy      c_w.l(__scatter_copy.o)
    0x08000186   0x08000186   0x00000002   PAD
    0x08000188   0x08000188   0x0000001c   Code   RO         3629    !!handler_zi        c_w.l(__scatter_zi.o)
    0x080001a4   0x080001a4   0x00000000   Code   RO         3163    .ARM.Collect$$_printf_percent$$00000000  c_w.l(_printf_percent.o)
    0x080001a4   0x080001a4   0x00000006   Code   RO         3161    .ARM.Collect$$_printf_percent$$00000003  c_w.l(_printf_f.o)
    0x080001aa   0x080001aa   0x00000006   Code   RO         3160    .ARM.Collect$$_printf_percent$$00000009  c_w.l(_printf_d.o)
    0x080001b0   0x080001b0   0x00000004   Code   RO         3330    .ARM.Collect$$_printf_percent$$00000017  c_w.l(_printf_percent_end.o)
    0x080001b4   0x080001b4   0x00000002   Code   RO         3558    .ARM.Collect$$libinit$$00000000  c_w.l(libinit.o)
    0x080001b6   0x080001b6   0x00000000   Code   RO         3336    .ARM.Collect$$libinit$$00000002  c_w.l(libinit2.o)
    0x080001b6   0x080001b6   0x00000000   Code   RO         3338    .ARM.Collect$$libinit$$00000004  c_w.l(libinit2.o)
    0x080001b6   0x080001b6   0x00000000   Code   RO         3341    .ARM.Collect$$libinit$$0000000A  c_w.l(libinit2.o)
    0x080001b6   0x080001b6   0x00000000   Code   RO         3343    .ARM.Collect$$libinit$$0000000C  c_w.l(libinit2.o)
    0x080001b6   0x080001b6   0x00000000   Code   RO         3345    .ARM.Collect$$libinit$$0000000E  c_w.l(libinit2.o)
    0x080001b6   0x080001b6   0x00000006   Code   RO         3346    .ARM.Collect$$libinit$$0000000F  c_w.l(libinit2.o)
    0x080001bc   0x080001bc   0x00000000   Code   RO         3348    .ARM.Collect$$libinit$$00000011  c_w.l(libinit2.o)
    0x080001bc   0x080001bc   0x00000000   Code   RO         3350    .ARM.Collect$$libinit$$00000013  c_w.l(libinit2.o)
    0x080001bc   0x080001bc   0x00000000   Code   RO         3352    .ARM.Collect$$libinit$$00000015  c_w.l(libinit2.o)
    0x080001bc   0x080001bc   0x0000000a   Code   RO         3353    .ARM.Collect$$libinit$$00000016  c_w.l(libinit2.o)
    0x080001c6   0x080001c6   0x00000000   Code   RO         3354    .ARM.Collect$$libinit$$00000017  c_w.l(libinit2.o)
    0x080001c6   0x080001c6   0x00000000   Code   RO         3356    .ARM.Collect$$libinit$$00000019  c_w.l(libinit2.o)
    0x080001c6   0x080001c6   0x00000000   Code   RO         3358    .ARM.Collect$$libinit$$0000001B  c_w.l(libinit2.o)
    0x080001c6   0x080001c6   0x00000000   Code   RO         3360    .ARM.Collect$$libinit$$0000001D  c_w.l(libinit2.o)
    0x080001c6   0x080001c6   0x00000000   Code   RO         3362    .ARM.Collect$$libinit$$0000001F  c_w.l(libinit2.o)
    0x080001c6   0x080001c6   0x00000000   Code   RO         3364    .ARM.Collect$$libinit$$00000021  c_w.l(libinit2.o)
    0x080001c6   0x080001c6   0x00000000   Code   RO         3366    .ARM.Collect$$libinit$$00000023  c_w.l(libinit2.o)
    0x080001c6   0x080001c6   0x00000000   Code   RO         3368    .ARM.Collect$$libinit$$00000025  c_w.l(libinit2.o)
    0x080001c6   0x080001c6   0x00000000   Code   RO         3372    .ARM.Collect$$libinit$$0000002C  c_w.l(libinit2.o)
    0x080001c6   0x080001c6   0x00000000   Code   RO         3374    .ARM.Collect$$libinit$$0000002E  c_w.l(libinit2.o)
    0x080001c6   0x080001c6   0x00000000   Code   RO         3376    .ARM.Collect$$libinit$$00000030  c_w.l(libinit2.o)
    0x080001c6   0x080001c6   0x00000000   Code   RO         3378    .ARM.Collect$$libinit$$00000032  c_w.l(libinit2.o)
    0x080001c6   0x080001c6   0x00000002   Code   RO         3379    .ARM.Collect$$libinit$$00000033  c_w.l(libinit2.o)
    0x080001c8   0x080001c8   0x00000002   Code   RO         3622    .ARM.Collect$$libshutdown$$00000000  c_w.l(libshutdown.o)
    0x080001ca   0x080001ca   0x00000000   Code   RO         3576    .ARM.Collect$$libshutdown$$00000002  c_w.l(libshutdown2.o)
    0x080001ca   0x080001ca   0x00000000   Code   RO         3578    .ARM.Collect$$libshutdown$$00000004  c_w.l(libshutdown2.o)
    0x080001ca   0x080001ca   0x00000000   Code   RO         3581    .ARM.Collect$$libshutdown$$00000007  c_w.l(libshutdown2.o)
    0x080001ca   0x080001ca   0x00000000   Code   RO         3584    .ARM.Collect$$libshutdown$$0000000A  c_w.l(libshutdown2.o)
    0x080001ca   0x080001ca   0x00000000   Code   RO         3586    .ARM.Collect$$libshutdown$$0000000C  c_w.l(libshutdown2.o)
    0x080001ca   0x080001ca   0x00000000   Code   RO         3589    .ARM.Collect$$libshutdown$$0000000F  c_w.l(libshutdown2.o)
    0x080001ca   0x080001ca   0x00000002   Code   RO         3590    .ARM.Collect$$libshutdown$$00000010  c_w.l(libshutdown2.o)
    0x080001cc   0x080001cc   0x00000000   Code   RO         3288    .ARM.Collect$$rtentry$$00000000  c_w.l(__rtentry.o)
    0x080001cc   0x080001cc   0x00000000   Code   RO         3438    .ARM.Collect$$rtentry$$00000002  c_w.l(__rtentry2.o)
    0x080001cc   0x080001cc   0x00000006   Code   RO         3450    .ARM.Collect$$rtentry$$00000004  c_w.l(__rtentry4.o)
    0x080001d2   0x080001d2   0x00000000   Code   RO         3440    .ARM.Collect$$rtentry$$00000009  c_w.l(__rtentry2.o)
    0x080001d2   0x080001d2   0x00000004   Code   RO         3441    .ARM.Collect$$rtentry$$0000000A  c_w.l(__rtentry2.o)
    0x080001d6   0x080001d6   0x00000000   Code   RO         3443    .ARM.Collect$$rtentry$$0000000C  c_w.l(__rtentry2.o)
    0x080001d6   0x080001d6   0x00000008   Code   RO         3444    .ARM.Collect$$rtentry$$0000000D  c_w.l(__rtentry2.o)
    0x080001de   0x080001de   0x00000002   Code   RO         3561    .ARM.Collect$$rtexit$$00000000  c_w.l(rtexit.o)
    0x080001e0   0x080001e0   0x00000000   Code   RO         3596    .ARM.Collect$$rtexit$$00000002  c_w.l(rtexit2.o)
    0x080001e0   0x080001e0   0x00000004   Code   RO         3597    .ARM.Collect$$rtexit$$00000003  c_w.l(rtexit2.o)
    0x080001e4   0x080001e4   0x00000006   Code   RO         3598    .ARM.Collect$$rtexit$$00000004  c_w.l(rtexit2.o)
    0x080001ea   0x080001ea   0x00000002   PAD
    0x080001ec   0x080001ec   0x00000040   Code   RO          387  * .text               startup_stm32f10x_hd.o
    0x0800022c   0x0800022c   0x00000002   Code   RO         3036    .text               c_w.l(use_no_semi_2.o)
    0x0800022e   0x0800022e   0x00000048   Code   RO         3100    .text               c_w.l(llsdiv.o)
    0x08000276   0x08000276   0x00000002   PAD
    0x08000278   0x08000278   0x00000018   Code   RO         3108    .text               c_w.l(noretval__2printf.o)
    0x08000290   0x08000290   0x00000078   Code   RO         3116    .text               c_w.l(_printf_dec.o)
    0x08000308   0x08000308   0x00000188   Code   RO         3156    .text               c_w.l(__printf_flags_ss_wp.o)
    0x08000490   0x08000490   0x00000058   Code   RO         3166    .text               c_w.l(memcmp.o)
    0x080004e8   0x080004e8   0x00000010   Code   RO         3178    .text               c_w.l(aeabi_memset.o)
    0x080004f8   0x080004f8   0x0000004e   Code   RO         3180    .text               c_w.l(rt_memclr_w.o)
    0x08000546   0x08000546   0x00000006   Code   RO         3182    .text               c_w.l(heapauxi.o)
    0x0800054c   0x0800054c   0x00000002   Code   RO         3284    .text               c_w.l(use_no_semi.o)
    0x0800054e   0x0800054e   0x000000ee   Code   RO         3316    .text               c_w.l(lludivv7m.o)
    0x0800063c   0x0800063c   0x00000016   Code   RO         3318    .text               c_w.l(_rserrno.o)
    0x08000652   0x08000652   0x000000b2   Code   RO         3320    .text               c_w.l(_printf_intcommon.o)
    0x08000704   0x08000704   0x0000041e   Code   RO         3322    .text               c_w.l(_printf_fp_dec.o)
    0x08000b22   0x08000b22   0x00000002   PAD
    0x08000b24   0x08000b24   0x00000030   Code   RO         3324    .text               c_w.l(_printf_char_common.o)
    0x08000b54   0x08000b54   0x00000024   Code   RO         3328    .text               c_w.l(_printf_char_file.o)
    0x08000b78   0x08000b78   0x00000044   Code   RO         3331    .text               c_w.l(rt_memclr.o)
    0x08000bbc   0x08000bbc   0x00000008   Code   RO         3434    .text               c_w.l(libspace.o)
    0x08000bc4   0x08000bc4   0x00000008   Code   RO         3459    .text               c_w.l(rt_locale_intlibspace.o)
    0x08000bcc   0x08000bcc   0x00000008   Code   RO         3464    .text               c_w.l(rt_errno_addr_intlibspace.o)
    0x08000bd4   0x08000bd4   0x0000008a   Code   RO         3474    .text               c_w.l(lludiv10.o)
    0x08000c5e   0x08000c5e   0x00000002   PAD
    0x08000c60   0x08000c60   0x00000080   Code   RO         3476    .text               c_w.l(_printf_fp_infnan.o)
    0x08000ce0   0x08000ce0   0x000000e4   Code   RO         3480    .text               c_w.l(bigflt0.o)
    0x08000dc4   0x08000dc4   0x00000008   Code   RO         3505    .text               c_w.l(ferror.o)
    0x08000dcc   0x08000dcc   0x0000004a   Code   RO         3533    .text               c_w.l(sys_stackheap_outer.o)
    0x08000e16   0x08000e16   0x00000012   Code   RO         3541    .text               c_w.l(exit.o)
    0x08000e28   0x08000e28   0x00000080   Code   RO         3547    .text               c_w.l(strcmpv7m.o)
    0x08000ea8   0x08000ea8   0x0000003e   Code   RO         3483    CL$$btod_d2e        c_w.l(btod.o)
    0x08000ee6   0x08000ee6   0x00000046   Code   RO         3485    CL$$btod_d2e_denorm_low  c_w.l(btod.o)
    0x08000f2c   0x08000f2c   0x00000060   Code   RO         3484    CL$$btod_d2e_norm_op1  c_w.l(btod.o)
    0x08000f8c   0x08000f8c   0x00000338   Code   RO         3493    CL$$btod_div_common  c_w.l(btod.o)
    0x080012c4   0x080012c4   0x000000dc   Code   RO         3490    CL$$btod_e2e        c_w.l(btod.o)
    0x080013a0   0x080013a0   0x0000002a   Code   RO         3487    CL$$btod_ediv       c_w.l(btod.o)
    0x080013ca   0x080013ca   0x0000002a   Code   RO         3486    CL$$btod_emul       c_w.l(btod.o)
    0x080013f4   0x080013f4   0x00000244   Code   RO         3492    CL$$btod_mult_common  c_w.l(btod.o)
    0x08001638   0x08001638   0x00000016   Code   RO          951    i.ADC_Cmd           stm32f10x_adc.o
    0x0800164e   0x0800164e   0x00000016   Code   RO          952    i.ADC_DMACmd        stm32f10x_adc.o
    0x08001664   0x08001664   0x00000016   Code   RO          956    i.ADC_ExternalTrigConvCmd  stm32f10x_adc.o
    0x0800167a   0x0800167a   0x00000002   PAD
    0x0800167c   0x0800167c   0x00000048   Code   RO         1907    i.ADC_GPIO_Config   adc.o
    0x080016c4   0x080016c4   0x00000014   Code   RO          959    i.ADC_GetCalibrationStatus  stm32f10x_adc.o
    0x080016d8   0x080016d8   0x00000008   Code   RO          960    i.ADC_GetConversionValue  stm32f10x_adc.o
    0x080016e0   0x080016e0   0x00000012   Code   RO          962    i.ADC_GetFlagStatus  stm32f10x_adc.o
    0x080016f2   0x080016f2   0x00000014   Code   RO          965    i.ADC_GetResetCalibrationStatus  stm32f10x_adc.o
    0x08001706   0x08001706   0x00000002   PAD
    0x08001708   0x08001708   0x00000050   Code   RO          969    i.ADC_Init          stm32f10x_adc.o
    0x08001758   0x08001758   0x000000b8   Code   RO          973    i.ADC_RegularChannelConfig  stm32f10x_adc.o
    0x08001810   0x08001810   0x0000000a   Code   RO          974    i.ADC_ResetCalibration  stm32f10x_adc.o
    0x0800181a   0x0800181a   0x00000016   Code   RO          976    i.ADC_SoftwareStartConvCmd  stm32f10x_adc.o
    0x08001830   0x08001830   0x0000000a   Code   RO          978    i.ADC_StartCalibration  stm32f10x_adc.o
    0x0800183a   0x0800183a   0x00000002   PAD
    0x0800183c   0x0800183c   0x0000016c   Code   RO         1908    i.Adc_Init          adc.o
    0x080019a8   0x080019a8   0x00000004   Code   RO          153    i.BusFault_Handler  stm32f10x_it.o
    0x080019ac   0x080019ac   0x00000078   Code   RO         2642    i.DATA_Press        read_data.o
    0x08001a24   0x08001a24   0x000001a4   Code   RO         2643    i.DATA_Report       read_data.o
    0x08001bc8   0x08001bc8   0x00000018   Code   RO         1169    i.DMA_Cmd           stm32f10x_dma.o
    0x08001be0   0x08001be0   0x0000014c   Code   RO         1170    i.DMA_DeInit        stm32f10x_dma.o
    0x08001d2c   0x08001d2c   0x0000003c   Code   RO         1175    i.DMA_Init          stm32f10x_dma.o
    0x08001d68   0x08001d68   0x00000002   Code   RO          154    i.DebugMon_Handler  stm32f10x_it.o
    0x08001d6a   0x08001d6a   0x00000116   Code   RO          433    i.GPIO_Init         stm32f10x_gpio.o
    0x08001e80   0x08001e80   0x00000090   Code   RO          435    i.GPIO_PinRemapConfig  stm32f10x_gpio.o
    0x08001f10   0x08001f10   0x00000004   Code   RO          441    i.GPIO_SetBits      stm32f10x_gpio.o
    0x08001f14   0x08001f14   0x00000034   Code   RO         1909    i.Get_Adc           adc.o
    0x08001f48   0x08001f48   0x0000002e   Code   RO         1910    i.Get_Adc_Average   adc.o
    0x08001f76   0x08001f76   0x00000004   Code   RO          155    i.HardFault_Handler  stm32f10x_it.o
    0x08001f7a   0x08001f7a   0x00000002   PAD
    0x08001f7c   0x08001f7c   0x0000004c   Code   RO         1958    i.LED_Init          led.o
    0x08001fc8   0x08001fc8   0x00000050   Code   RO         1993    i.MPU_Get_Accelerometer  mpu6050.o
    0x08002018   0x08002018   0x00000050   Code   RO         1994    i.MPU_Get_Gyroscope  mpu6050.o
    0x08002068   0x08002068   0x00000068   Code   RO         1995    i.MPU_Get_Temperature  mpu6050.o
    0x080020d0   0x080020d0   0x0000004c   Code   RO         2071    i.MPU_IIC_Ack       mpuiic.o
    0x0800211c   0x0800211c   0x0000000a   Code   RO         2072    i.MPU_IIC_Delay     mpuiic.o
    0x08002126   0x08002126   0x00000002   PAD
    0x08002128   0x08002128   0x00000038   Code   RO         2073    i.MPU_IIC_Init      mpuiic.o
    0x08002160   0x08002160   0x0000004c   Code   RO         2074    i.MPU_IIC_NAck      mpuiic.o
    0x080021ac   0x080021ac   0x0000006c   Code   RO         2075    i.MPU_IIC_Read_Byte  mpuiic.o
    0x08002218   0x08002218   0x0000005c   Code   RO         2076    i.MPU_IIC_Send_Byte  mpuiic.o
    0x08002274   0x08002274   0x00000048   Code   RO         2077    i.MPU_IIC_Start     mpuiic.o
    0x080022bc   0x080022bc   0x00000048   Code   RO         2078    i.MPU_IIC_Stop      mpuiic.o
    0x08002304   0x08002304   0x00000064   Code   RO         2079    i.MPU_IIC_Wait_Ack  mpuiic.o
    0x08002368   0x08002368   0x000000b8   Code   RO         1996    i.MPU_Init          mpu6050.o
    0x08002420   0x08002420   0x00000078   Code   RO         2644    i.MPU_Read          read_data.o
    0x08002498   0x08002498   0x0000003a   Code   RO         1997    i.MPU_Read_Byte     mpu6050.o
    0x080024d2   0x080024d2   0x00000074   Code   RO         1998    i.MPU_Read_Len      mpu6050.o
    0x08002546   0x08002546   0x00000010   Code   RO         1999    i.MPU_Set_Accel_Fsr  mpu6050.o
    0x08002556   0x08002556   0x00000010   Code   RO         2000    i.MPU_Set_Gyro_Fsr  mpu6050.o
    0x08002566   0x08002566   0x0000003a   Code   RO         2001    i.MPU_Set_LPF       mpu6050.o
    0x080025a0   0x080025a0   0x0000003a   Code   RO         2002    i.MPU_Set_Rate      mpu6050.o
    0x080025da   0x080025da   0x00000044   Code   RO         2003    i.MPU_Write_Byte    mpu6050.o
    0x0800261e   0x0800261e   0x00000060   Code   RO         2004    i.MPU_Write_Len     mpu6050.o
    0x0800267e   0x0800267e   0x00000004   Code   RO          156    i.MemManage_Handler  stm32f10x_it.o
    0x08002682   0x08002682   0x00000002   Code   RO          157    i.NMI_Handler       stm32f10x_it.o
    0x08002684   0x08002684   0x00000070   Code   RO          391    i.NVIC_Init         misc.o
    0x080026f4   0x080026f4   0x00000014   Code   RO          392    i.NVIC_PriorityGroupConfig  misc.o
    0x08002708   0x08002708   0x00000002   Code   RO          158    i.PendSV_Handler    stm32f10x_it.o
    0x0800270a   0x0800270a   0x00000002   PAD
    0x0800270c   0x0800270c   0x00000018   Code   RO          565    i.RCC_ADCCLKConfig  stm32f10x_rcc.o
    0x08002724   0x08002724   0x00000020   Code   RO          566    i.RCC_AHBPeriphClockCmd  stm32f10x_rcc.o
    0x08002744   0x08002744   0x00000020   Code   RO          567    i.RCC_APB1PeriphClockCmd  stm32f10x_rcc.o
    0x08002764   0x08002764   0x00000020   Code   RO          569    i.RCC_APB2PeriphClockCmd  stm32f10x_rcc.o
    0x08002784   0x08002784   0x000000d4   Code   RO          577    i.RCC_GetClocksFreq  stm32f10x_rcc.o
    0x08002858   0x08002858   0x00000002   Code   RO          159    i.SVC_Handler       stm32f10x_it.o
    0x0800285a   0x0800285a   0x00000008   Code   RO          242    i.SetSysClock       system_stm32f10x.o
    0x08002862   0x08002862   0x00000002   PAD
    0x08002864   0x08002864   0x000000e0   Code   RO          243    i.SetSysClockTo72   system_stm32f10x.o
    0x08002944   0x08002944   0x00000028   Code   RO          395    i.SysTick_CLKSourceConfig  misc.o
    0x0800296c   0x0800296c   0x00000002   Code   RO          160    i.SysTick_Handler   stm32f10x_it.o
    0x0800296e   0x0800296e   0x00000002   PAD
    0x08002970   0x08002970   0x00000060   Code   RO          245    i.SystemInit        system_stm32f10x.o
    0x080029d0   0x080029d0   0x00000228   Code   RO         1970    i.TIM3_IRQHandler   plusenor.o
    0x08002bf8   0x08002bf8   0x00000078   Code   RO         1971    i.TIM3_Int_Init     plusenor.o
    0x08002c70   0x08002c70   0x00000006   Code   RO         1369    i.TIM_ClearFlag     stm32f10x_tim.o
    0x08002c76   0x08002c76   0x00000006   Code   RO         1370    i.TIM_ClearITPendingBit  stm32f10x_tim.o
    0x08002c7c   0x08002c7c   0x00000018   Code   RO         1375    i.TIM_Cmd           stm32f10x_tim.o
    0x08002c94   0x08002c94   0x00000022   Code   RO         1396    i.TIM_GetITStatus   stm32f10x_tim.o
    0x08002cb6   0x08002cb6   0x00000012   Code   RO         1400    i.TIM_ITConfig      stm32f10x_tim.o
    0x08002cc8   0x08002cc8   0x00000012   Code   RO         1432    i.TIM_SelectOutputTrigger  stm32f10x_tim.o
    0x08002cda   0x08002cda   0x00000002   PAD
    0x08002cdc   0x08002cdc   0x000000a4   Code   RO         1446    i.TIM_TimeBaseInit  stm32f10x_tim.o
    0x08002d80   0x08002d80   0x00000088   Code   RO          326    i.USART1_IRQHandler  usart.o
    0x08002e08   0x08002e08   0x00000018   Code   RO          769    i.USART_Cmd         stm32f10x_usart.o
    0x08002e20   0x08002e20   0x00000054   Code   RO          773    i.USART_GetITStatus  stm32f10x_usart.o
    0x08002e74   0x08002e74   0x0000004a   Code   RO          775    i.USART_ITConfig    stm32f10x_usart.o
    0x08002ebe   0x08002ebe   0x00000002   PAD
    0x08002ec0   0x08002ec0   0x000000d8   Code   RO          776    i.USART_Init        stm32f10x_usart.o
    0x08002f98   0x08002f98   0x0000000a   Code   RO          783    i.USART_ReceiveData  stm32f10x_usart.o
    0x08002fa2   0x08002fa2   0x00000004   Code   RO          161    i.UsageFault_Handler  stm32f10x_it.o
    0x08002fa6   0x08002fa6   0x00000028   Code   RO         3419    i.__ARM_fpclassify  m_ws.l(fpclassify.o)
    0x08002fce   0x08002fce   0x000000aa   Code   RO         3421    i.__kernel_poly     m_ws.l(poly.o)
    0x08003078   0x08003078   0x00000006   Code   RO         3406    i.__mathlib_dbl_infnan  m_ws.l(dunder.o)
    0x0800307e   0x0800307e   0x00000004   Code   RO         3407    i.__mathlib_dbl_infnan2  m_ws.l(dunder.o)
    0x08003082   0x08003082   0x0000000c   Code   RO         3408    i.__mathlib_dbl_invalid  m_ws.l(dunder.o)
    0x0800308e   0x0800308e   0x00000002   PAD
    0x08003090   0x08003090   0x00000010   Code   RO         3411    i.__mathlib_dbl_underflow  m_ws.l(dunder.o)
    0x080030a0   0x080030a0   0x0000000e   Code   RO         3149    i._is_digit         c_w.l(__printf_wp.o)
    0x080030ae   0x080030ae   0x00000004   Code   RO          327    i._sys_exit         usart.o
    0x080030b2   0x080030b2   0x00000002   PAD
    0x080030b4   0x080030b4   0x000000a8   Code   RO         2131    i.accel_self_test   inv_mpu.o
    0x0800315c   0x0800315c   0x00000270   Code   RO         3253    i.asin              m_ws.l(asin.o)
    0x080033cc   0x080033cc   0x00000220   Code   RO         3396    i.atan              m_ws.l(atan.o)
    0x080035ec   0x080035ec   0x00000180   Code   RO         3263    i.atan2             m_ws.l(atan2.o)
    0x0800376c   0x0800376c   0x00000064   Code   RO         2456    i.decode_gesture    inv_mpu_dmp_motion_driver.o
    0x080037d0   0x080037d0   0x00000044   Code   RO          276    i.delay_init        delay.o
    0x08003814   0x08003814   0x0000004c   Code   RO          277    i.delay_ms          delay.o
    0x08003860   0x08003860   0x0000004c   Code   RO          278    i.delay_us          delay.o
    0x080038ac   0x080038ac   0x0000003c   Code   RO         2457    i.dmp_enable_6x_lp_quat  inv_mpu_dmp_motion_driver.o
    0x080038e8   0x080038e8   0x0000021c   Code   RO         2458    i.dmp_enable_feature  inv_mpu_dmp_motion_driver.o
    0x08003b04   0x08003b04   0x00000058   Code   RO         2459    i.dmp_enable_gyro_cal  inv_mpu_dmp_motion_driver.o
    0x08003b5c   0x08003b5c   0x0000003c   Code   RO         2460    i.dmp_enable_lp_quat  inv_mpu_dmp_motion_driver.o
    0x08003b98   0x08003b98   0x00000018   Code   RO         2465    i.dmp_load_motion_driver_firmware  inv_mpu_dmp_motion_driver.o
    0x08003bb0   0x08003bb0   0x000001cc   Code   RO         2466    i.dmp_read_fifo     inv_mpu_dmp_motion_driver.o
    0x08003d7c   0x08003d7c   0x00000130   Code   RO         2469    i.dmp_set_accel_bias  inv_mpu_dmp_motion_driver.o
    0x08003eac   0x08003eac   0x00000070   Code   RO         2470    i.dmp_set_fifo_rate  inv_mpu_dmp_motion_driver.o
    0x08003f1c   0x08003f1c   0x00000130   Code   RO         2471    i.dmp_set_gyro_bias  inv_mpu_dmp_motion_driver.o
    0x0800404c   0x0800404c   0x00000138   Code   RO         2473    i.dmp_set_orientation  inv_mpu_dmp_motion_driver.o
    0x08004184   0x08004184   0x00000038   Code   RO         2476    i.dmp_set_shake_reject_thresh  inv_mpu_dmp_motion_driver.o
    0x080041bc   0x080041bc   0x00000026   Code   RO         2477    i.dmp_set_shake_reject_time  inv_mpu_dmp_motion_driver.o
    0x080041e2   0x080041e2   0x00000026   Code   RO         2478    i.dmp_set_shake_reject_timeout  inv_mpu_dmp_motion_driver.o
    0x08004208   0x08004208   0x00000046   Code   RO         2479    i.dmp_set_tap_axes  inv_mpu_dmp_motion_driver.o
    0x0800424e   0x0800424e   0x00000026   Code   RO         2480    i.dmp_set_tap_count  inv_mpu_dmp_motion_driver.o
    0x08004274   0x08004274   0x000001a0   Code   RO         2481    i.dmp_set_tap_thresh  inv_mpu_dmp_motion_driver.o
    0x08004414   0x08004414   0x00000026   Code   RO         2482    i.dmp_set_tap_time  inv_mpu_dmp_motion_driver.o
    0x0800443a   0x0800443a   0x00000026   Code   RO         2483    i.dmp_set_tap_time_multi  inv_mpu_dmp_motion_driver.o
    0x08004460   0x08004460   0x0000001c   Code   RO          328    i.fputc             usart.o
    0x0800447c   0x0800447c   0x000000b4   Code   RO         2132    i.get_accel_prod_shift  inv_mpu.o
    0x08004530   0x08004530   0x00000470   Code   RO         2133    i.get_st_biases     inv_mpu.o
    0x080049a0   0x080049a0   0x00000110   Code   RO         2134    i.gyro_self_test    inv_mpu.o
    0x08004ab0   0x08004ab0   0x00000028   Code   RO         2135    i.inv_orientation_matrix_to_scalar  inv_mpu.o
    0x08004ad8   0x08004ad8   0x0000004e   Code   RO         2136    i.inv_row_2_scale   inv_mpu.o
    0x08004b26   0x08004b26   0x00000002   PAD
    0x08004b28   0x08004b28   0x000001fc   Code   RO            1    i.main              main.o
    0x08004d24   0x08004d24   0x00000016   Code   RO         2645    i.map               read_data.o
    0x08004d3a   0x08004d3a   0x00000002   Code   RO         2137    i.mget_ms           inv_mpu.o
    0x08004d3c   0x08004d3c   0x00000070   Code   RO         2138    i.mpu_configure_fifo  inv_mpu.o
    0x08004dac   0x08004dac   0x00000224   Code   RO         2139    i.mpu_dmp_get_data  inv_mpu.o
    0x08004fd0   0x08004fd0   0x000000a0   Code   RO         2140    i.mpu_dmp_init      inv_mpu.o
    0x08005070   0x08005070   0x0000004c   Code   RO         2141    i.mpu_get_accel_fsr  inv_mpu.o
    0x080050bc   0x080050bc   0x00000054   Code   RO         2143    i.mpu_get_accel_sens  inv_mpu.o
    0x08005110   0x08005110   0x00000010   Code   RO         2148    i.mpu_get_fifo_config  inv_mpu.o
    0x08005120   0x08005120   0x00000044   Code   RO         2149    i.mpu_get_gyro_fsr  inv_mpu.o
    0x08005164   0x08005164   0x00000050   Code   RO         2151    i.mpu_get_gyro_sens  inv_mpu.o
    0x080051b4   0x080051b4   0x00000050   Code   RO         2153    i.mpu_get_lpf       inv_mpu.o
    0x08005204   0x08005204   0x00000020   Code   RO         2155    i.mpu_get_sample_rate  inv_mpu.o
    0x08005224   0x08005224   0x000001f0   Code   RO         2157    i.mpu_init          inv_mpu.o
    0x08005414   0x08005414   0x000000b8   Code   RO         2158    i.mpu_load_firmware  inv_mpu.o
    0x080054cc   0x080054cc   0x000000e0   Code   RO         2159    i.mpu_lp_accel_mode  inv_mpu.o
    0x080055ac   0x080055ac   0x000000c0   Code   RO         2162    i.mpu_read_fifo_stream  inv_mpu.o
    0x0800566c   0x0800566c   0x00000080   Code   RO         2163    i.mpu_read_mem      inv_mpu.o
    0x080056ec   0x080056ec   0x000001c8   Code   RO         2166    i.mpu_reset_fifo    inv_mpu.o
    0x080058b4   0x080058b4   0x0000011c   Code   RO         2167    i.mpu_run_self_test  inv_mpu.o
    0x080059d0   0x080059d0   0x00000084   Code   RO         2169    i.mpu_set_accel_fsr  inv_mpu.o
    0x08005a54   0x08005a54   0x0000014c   Code   RO         2170    i.mpu_set_bypass    inv_mpu.o
    0x08005ba0   0x08005ba0   0x00000090   Code   RO         2172    i.mpu_set_dmp_state  inv_mpu.o
    0x08005c30   0x08005c30   0x00000088   Code   RO         2173    i.mpu_set_gyro_fsr  inv_mpu.o
    0x08005cb8   0x08005cb8   0x0000006c   Code   RO         2174    i.mpu_set_int_latched  inv_mpu.o
    0x08005d24   0x08005d24   0x00000084   Code   RO         2176    i.mpu_set_lpf       inv_mpu.o
    0x08005da8   0x08005da8   0x0000009c   Code   RO         2177    i.mpu_set_sample_rate  inv_mpu.o
    0x08005e44   0x08005e44   0x000000d0   Code   RO         2178    i.mpu_set_sensors   inv_mpu.o
    0x08005f14   0x08005f14   0x00000080   Code   RO         2179    i.mpu_write_mem     inv_mpu.o
    0x08005f94   0x08005f94   0x00000094   Code   RO         2180    i.run_self_test     inv_mpu.o
    0x08006028   0x08006028   0x00000090   Code   RO         2181    i.set_int_enable    inv_mpu.o
    0x080060b8   0x080060b8   0x0000004c   Code   RO         3425    i.sqrt              m_ws.l(sqrt.o)
    0x08006104   0x08006104   0x000000a0   Code   RO          329    i.uart1_init        usart.o
    0x080061a4   0x080061a4   0x0000002c   Code   RO         3513    locale$$code        c_w.l(lc_numeric_c.o)
    0x080061d0   0x080061d0   0x00000062   Code   RO         3186    x$fpl$d2f           fz_ws.l(d2f.o)
    0x08006232   0x08006232   0x00000002   PAD
    0x08006234   0x08006234   0x00000150   Code   RO         3188    x$fpl$dadd          fz_ws.l(daddsub_clz.o)
    0x08006384   0x08006384   0x00000010   Code   RO         3524    x$fpl$dcheck1       fz_ws.l(dcheck1.o)
    0x08006394   0x08006394   0x000002b0   Code   RO         3195    x$fpl$ddiv          fz_ws.l(ddiv.o)
    0x08006644   0x08006644   0x0000002e   Code   RO         3205    x$fpl$dflt          fz_ws.l(dflt_clz.o)
    0x08006672   0x08006672   0x00000002   PAD
    0x08006674   0x08006674   0x00000154   Code   RO         3212    x$fpl$dmul          fz_ws.l(dmul.o)
    0x080067c8   0x080067c8   0x0000009c   Code   RO         3382    x$fpl$dnaninf       fz_ws.l(dnaninf.o)
    0x08006864   0x08006864   0x0000000c   Code   RO         3384    x$fpl$dretinf       fz_ws.l(dretinf.o)
    0x08006870   0x08006870   0x00000016   Code   RO         3189    x$fpl$drsb          fz_ws.l(daddsub_clz.o)
    0x08006886   0x08006886   0x00000002   PAD
    0x08006888   0x08006888   0x000001cc   Code   RO         3526    x$fpl$dsqrt         fz_ws.l(dsqrt_noumaal.o)
    0x08006a54   0x08006a54   0x000001d4   Code   RO         3190    x$fpl$dsub          fz_ws.l(daddsub_clz.o)
    0x08006c28   0x08006c28   0x00000056   Code   RO         3216    x$fpl$f2d           fz_ws.l(f2d.o)
    0x08006c7e   0x08006c7e   0x00000002   PAD
    0x08006c80   0x08006c80   0x000000c4   Code   RO         3218    x$fpl$fadd          fz_ws.l(faddsub_clz.o)
    0x08006d44   0x08006d44   0x00000018   Code   RO         3386    x$fpl$fcmpinf       fz_ws.l(fcmpi.o)
    0x08006d5c   0x08006d5c   0x00000184   Code   RO         3225    x$fpl$fdiv          fz_ws.l(fdiv.o)
    0x08006ee0   0x08006ee0   0x00000068   Code   RO         3228    x$fpl$feqf          fz_ws.l(feqf.o)
    0x08006f48   0x08006f48   0x00000036   Code   RO         3230    x$fpl$ffix          fz_ws.l(ffix.o)
    0x08006f7e   0x08006f7e   0x00000002   PAD
    0x08006f80   0x08006f80   0x0000003e   Code   RO         3234    x$fpl$ffixu         fz_ws.l(ffixu.o)
    0x08006fbe   0x08006fbe   0x00000002   PAD
    0x08006fc0   0x08006fc0   0x00000030   Code   RO         3239    x$fpl$fflt          fz_ws.l(fflt_clz.o)
    0x08006ff0   0x08006ff0   0x00000026   Code   RO         3238    x$fpl$ffltu         fz_ws.l(fflt_clz.o)
    0x08007016   0x08007016   0x00000002   PAD
    0x08007018   0x08007018   0x00000068   Code   RO         3244    x$fpl$fleqf         fz_ws.l(fleqf.o)
    0x08007080   0x08007080   0x00000102   Code   RO         3246    x$fpl$fmul          fz_ws.l(fmul.o)
    0x08007182   0x08007182   0x0000008c   Code   RO         3388    x$fpl$fnaninf       fz_ws.l(fnaninf.o)
    0x0800720e   0x0800720e   0x0000000a   Code   RO         3390    x$fpl$fretinf       fz_ws.l(fretinf.o)
    0x08007218   0x08007218   0x00000062   Code   RO         3248    x$fpl$frleqf        fz_ws.l(frleqf.o)
    0x0800727a   0x0800727a   0x00000002   PAD
    0x0800727c   0x0800727c   0x000000ea   Code   RO         3220    x$fpl$fsub          fz_ws.l(faddsub_clz.o)
    0x08007366   0x08007366   0x00000004   Code   RO         3250    x$fpl$printf1       fz_ws.l(printf1.o)
    0x0800736a   0x0800736a   0x00000064   Code   RO         3559    x$fpl$retnan        fz_ws.l(retnan.o)
    0x080073ce   0x080073ce   0x0000005c   Code   RO         3392    x$fpl$scalbn        fz_ws.l(scalbn.o)
    0x0800742a   0x0800742a   0x00000030   Code   RO         3591    x$fpl$trapveneer    fz_ws.l(trapv.o)
    0x0800745a   0x0800745a   0x00000000   Code   RO         3394    x$fpl$usenofp       fz_ws.l(usenofp.o)
    0x0800745a   0x0800745a   0x00000002   PAD
    0x0800745c   0x0800745c   0x00000050   Data   RO         2183    .constdata          inv_mpu.o
    0x080074ac   0x080074ac   0x00000bf6   Data   RO         2485    .constdata          inv_mpu_dmp_motion_driver.o
    0x080080a2   0x080080a2   0x00000011   Data   RO         3157    .constdata          c_w.l(__printf_flags_ss_wp.o)
    0x080080b3   0x080080b3   0x00000005   PAD
    0x080080b8   0x080080b8   0x00000050   Data   RO         3254    .constdata          m_ws.l(asin.o)
    0x08008108   0x08008108   0x00000098   Data   RO         3397    .constdata          m_ws.l(atan.o)
    0x080081a0   0x080081a0   0x00000008   Data   RO         3423    .constdata          m_ws.l(qnan.o)
    0x080081a8   0x080081a8   0x00000094   Data   RO         3481    .constdata          c_w.l(bigflt0.o)
    0x0800823c   0x0800823c   0x00000060   Data   RO            2    .conststring        main.o
    0x0800829c   0x0800829c   0x0000004d   Data   RO         2184    .conststring        inv_mpu.o
    0x080082e9   0x080082e9   0x00000003   PAD
    0x080082ec   0x080082ec   0x00000020   Data   RO         3623    Region$$Table       anon$$obj.o
    0x0800830c   0x0800830c   0x0000001c   Data   RO         3512    locale$$data        c_w.l(lc_numeric_c.o)


    Execution Region ER_RW (Exec base: 0x20000000, Load base: 0x08008328, Size: 0x000000fc, Max: 0xffffffff, ABSOLUTE)

    Exec Addr    Load Addr    Size         Type   Attr      Idx    E Section Name        Object

    0x20000000   0x08008328   0x0000001c   Data   RW            3    .data               main.o
    0x2000001c   0x08008344   0x00000014   Data   RW          246    .data               system_stm32f10x.o
    0x20000030   0x08008358   0x00000004   Data   RW          279    .data               delay.o
    0x20000034   0x0800835c   0x00000006   Data   RW          331    .data               usart.o
    0x2000003a   0x08008362   0x00000014   Data   RW          597    .data               stm32f10x_rcc.o
    0x2000004e   0x08008376   0x00000002   PAD
    0x20000050   0x08008378   0x00000008   Data   RW         1911    .data               adc.o
    0x20000058   0x08008380   0x0000002a   Data   RW         1973    .data               plusenor.o
    0x20000082   0x080083aa   0x00000002   PAD
    0x20000084   0x080083ac   0x00000035   Data   RW         2185    .data               inv_mpu.o
    0x200000b9   0x080083e1   0x00000003   PAD
    0x200000bc   0x080083e4   0x00000040   Data   RW         2647    .data               read_data.o


    Execution Region ER_ZI (Exec base: 0x200000fc, Load base: 0x08008424, Size: 0x00000a84, Max: 0xffffffff, ABSOLUTE)

    Exec Addr    Load Addr    Size         Type   Attr      Idx    E Section Name        Object

    0x200000fc        -       0x000003e8   Zero   RW          330    .bss                usart.o
    0x200004e4        -       0x00000028   Zero   RW         1972    .bss                plusenor.o
    0x2000050c        -       0x00000010   Zero   RW         2484    .bss                inv_mpu_dmp_motion_driver.o
    0x2000051c        -       0x00000060   Zero   RW         3435    .bss                c_w.l(libspace.o)
    0x2000057c   0x08008424   0x00000004   PAD
    0x20000580        -       0x00000200   Zero   RW          385    HEAP                startup_stm32f10x_hd.o
    0x20000780        -       0x00000400   Zero   RW          384    STACK               startup_stm32f10x_hd.o


==============================================================================

Image component sizes


      Code (inc. data)   RO Data    RW Data    ZI Data      Debug   Object Name

       534         30          0          8          0       3148   adc.o
         0          0          0          0          0         32   core_cm3.o
       220         26          0          4          0       1799   delay.o
      6864        290        157         53          0      32172   inv_mpu.o
      3096        122       3062          0         16      21318   inv_mpu_dmp_motion_driver.o
        76          8          0          0          0        527   led.o
       508        100         96         28          0     273113   main.o
       172         22          0          0          0       2129   misc.o
       934         30          0          0          0       8601   mpu6050.o
       662        100          0          0          0       5050   mpuiic.o
       672         72          0         42         40       2937   plusenor.o
       682         98          0         64          0       3687   read_data.o
        64         26        304          0       1536        808   startup_stm32f10x_hd.o
       438         10          0          0          0       9368   stm32f10x_adc.o
       416          8          0          0          0       3494   stm32f10x_dma.o
       426          6          0          0          0       3405   stm32f10x_gpio.o
        26          0          0          0          0       3866   stm32f10x_it.o
       332         44          0         20          0       5677   stm32f10x_rcc.o
       270         42          0          0          0       4792   stm32f10x_tim.o
       408          6          0          0          0       5102   stm32f10x_usart.o
       328         28          0         20          0       2177   system_stm32f10x.o
       328         24          0          6       1000       4933   usart.o

    ----------------------------------------------------------------------
     17480       1092       3654        252       2592     398135   Object Totals
         0          0         32          0          0          0   (incl. Generated)
        24          0          3          7          0          0   (incl. Padding)

    ----------------------------------------------------------------------

      Code (inc. data)   RO Data    RW Data    ZI Data      Debug   Library Member Name

         8          0          0          0          0         68   __main.o
       392          4         17          0          0         92   __printf_flags_ss_wp.o
        14          0          0          0          0         68   __printf_wp.o
         0          0          0          0          0          0   __rtentry.o
        12          0          0          0          0          0   __rtentry2.o
         6          0          0          0          0          0   __rtentry4.o
        52          8          0          0          0          0   __scatter.o
        26          0          0          0          0          0   __scatter_copy.o
        28          0          0          0          0          0   __scatter_zi.o
        48          6          0          0          0         96   _printf_char_common.o
        36          4          0          0          0         80   _printf_char_file.o
         6          0          0          0          0          0   _printf_d.o
       120         16          0          0          0         92   _printf_dec.o
         6          0          0          0          0          0   _printf_f.o
      1054          0          0          0          0        216   _printf_fp_dec.o
       128         16          0          0          0         84   _printf_fp_infnan.o
       178          0          0          0          0         88   _printf_intcommon.o
         0          0          0          0          0          0   _printf_percent.o
         4          0          0          0          0          0   _printf_percent_end.o
        22          0          0          0          0        100   _rserrno.o
        16          0          0          0          0         68   aeabi_memset.o
       228          4        148          0          0         96   bigflt0.o
      1936        128          0          0          0        672   btod.o
        18          0          0          0          0         80   exit.o
         8          0          0          0          0         68   ferror.o
         6          0          0          0          0        152   heapauxi.o
        44         10         28          0          0         76   lc_numeric_c.o
         2          0          0          0          0          0   libinit.o
        18          0          0          0          0          0   libinit2.o
         2          0          0          0          0          0   libshutdown.o
         2          0          0          0          0          0   libshutdown2.o
         8          4          0          0         96         68   libspace.o
        72          0          0          0          0         76   llsdiv.o
       138          0          0          0          0         80   lludiv10.o
       238          0          0          0          0        100   lludivv7m.o
        88          0          0          0          0         76   memcmp.o
        24          4          0          0          0         84   noretval__2printf.o
         8          4          0          0          0         68   rt_errno_addr_intlibspace.o
         8          4          0          0          0         68   rt_locale_intlibspace.o
        68          0          0          0          0         68   rt_memclr.o
        78          0          0          0          0         80   rt_memclr_w.o
         2          0          0          0          0          0   rtexit.o
        10          0          0          0          0          0   rtexit2.o
       128          0          0          0          0         68   strcmpv7m.o
        74          0          0          0          0         80   sys_stackheap_outer.o
         2          0          0          0          0         68   use_no_semi.o
         2          0          0          0          0         68   use_no_semi_2.o
        98          4          0          0          0         92   d2f.o
       826         16          0          0          0        348   daddsub_clz.o
        16          4          0          0          0         68   dcheck1.o
       688        140          0          0          0        208   ddiv.o
        46          0          0          0          0         68   dflt_clz.o
       340         12          0          0          0        104   dmul.o
       156          4          0          0          0         92   dnaninf.o
        12          0          0          0          0         68   dretinf.o
       460         56          0          0          0        120   dsqrt_noumaal.o
        86          4          0          0          0         84   f2d.o
       430          8          0          0          0        168   faddsub_clz.o
        24          0          0          0          0         68   fcmpi.o
       388         76          0          0          0         96   fdiv.o
       104          4          0          0          0         84   feqf.o
        54          4          0          0          0         84   ffix.o
        62          4          0          0          0         84   ffixu.o
        86          0          0          0          0        136   fflt_clz.o
       104          4          0          0          0         84   fleqf.o
       258          4          0          0          0         84   fmul.o
       140          4          0          0          0         84   fnaninf.o
        10          0          0          0          0         68   fretinf.o
        98          0          0          0          0         68   frleqf.o
         4          0          0          0          0         68   printf1.o
       100          0          0          0          0         68   retnan.o
        92          0          0          0          0         68   scalbn.o
        48          0          0          0          0         68   trapv.o
         0          0          0          0          0          0   usenofp.o
       624         52         80          0          0        168   asin.o
       544         70        152          0          0        124   atan.o
       384         38          0          0          0        144   atan2.o
        38          6          0          0          0        272   dunder.o
        40          0          0          0          0         68   fpclassify.o
       170          0          0          0          0         96   poly.o
         0          0          8          0          0          0   qnan.o
        76          0          0          0          0         84   sqrt.o

    ----------------------------------------------------------------------
     12004        726        438          0        100       6836   Library Totals
        30          0          5          0          4          0   (incl. Padding)

    ----------------------------------------------------------------------

      Code (inc. data)   RO Data    RW Data    ZI Data      Debug   Library Name

      5368        212        193          0         96       3248   c_w.l
      4730        348          0          0          0       2632   fz_ws.l
      1876        166        240          0          0        956   m_ws.l

    ----------------------------------------------------------------------
     12004        726        438          0        100       6836   Library Totals

    ----------------------------------------------------------------------

==============================================================================


      Code (inc. data)   RO Data    RW Data    ZI Data      Debug   

     29484       1818       4092        252       2692     393839   Grand Totals
     29484       1818       4092        252       2692     393839   ELF Image Totals
     29484       1818       4092        252          0          0   ROM Totals

==============================================================================

    Total RO  Size (Code + RO Data)                33576 (  32.79kB)
    Total RW  Size (RW Data + ZI Data)              2944 (   2.88kB)
    Total ROM Size (Code + RO Data + RW Data)      33828 (  33.04kB)

==============================================================================

